 win32_handmade

 Timestamp is 622726c4 (Tue Mar  8 15:19:56 2022)

 Preferred load address is 0000000140000000

 Start         Length     Name                   Class
 0001:00000000 0000d810H .text$mn                CODE
 0001:0000d810 00000040H .text$mn$00             CODE
 0001:0000d850 00000290H .text$x                 CODE
 0002:00000000 000002b8H .idata$5                DATA
 0002:000002b8 00000030H .00cfg                  DATA
 0002:000002e8 00000008H .CRT$XCA                DATA
 0002:000002f0 00000008H .CRT$XCAA               DATA
 0002:000002f8 00000008H .CRT$XCZ                DATA
 0002:00000300 00000008H .CRT$XIA                DATA
 0002:00000308 00000008H .CRT$XIAA               DATA
 0002:00000310 00000008H .CRT$XIAC               DATA
 0002:00000318 00000020H .CRT$XIC                DATA
 0002:00000338 00000008H .CRT$XIZ                DATA
 0002:00000340 00000008H .CRT$XPA                DATA
 0002:00000348 00000010H .CRT$XPX                DATA
 0002:00000358 00000008H .CRT$XPXA               DATA
 0002:00000360 00000008H .CRT$XPZ                DATA
 0002:00000368 00000008H .CRT$XTA                DATA
 0002:00000370 00000010H .CRT$XTZ                DATA
 0002:00000378 00000000H .gehcont$y              DATA
 0002:00000378 00000000H .gfids$y                DATA
 0002:00000380 00007980H .rdata                  DATA
 0002:00007d00 00000000H .rdata$CastGuardVftablesA DATA
 0002:00007d00 00000000H .rdata$CastGuardVftablesC DATA
 0002:00007d00 00000000H .rdata$r                DATA
 0002:00007d00 00000040H .rdata$voltmd           DATA
 0002:00007d40 00000310H .rdata$zzzdbg           DATA
 0002:00008050 00000008H .rtc$IAA                DATA
 0002:00008058 00000008H .rtc$IZZ                DATA
 0002:00008060 00000008H .rtc$TAA                DATA
 0002:00008068 00000008H .rtc$TZZ                DATA
 0002:00008070 00000b90H .xdata                  DATA
 0002:00008c00 00000000H .xdata$x                DATA
 0002:00008c00 00000000H .edata                  DATA
 0002:00008c00 0000003cH .idata$2                DATA
 0002:00008c3c 00000014H .idata$3                DATA
 0002:00008c50 000002b8H .idata$4                DATA
 0002:00008f08 00000620H .idata$6                DATA
 0003:00000000 00000a00H .data                   DATA
 0003:00000a00 00000000H .data$r                 DATA
 0003:00000a00 00000000H .data$rs                DATA
 0003:00000a00 00001230H .bss                    DATA
 0004:00000000 00000e10H .pdata                  DATA
 0005:00000000 000000fcH _RDATA                  DATA

  Address         Publics by Value              Rva+Base               Lib:Object

 0000:00000000       __guard_fids_count         0000000000000000     <absolute>
 0000:00000000       ___safe_se_handler_table   0000000000000000     <absolute>
 0000:00000000       __arm64x_extra_rfe_table   0000000000000000     <absolute>
 0000:00000000       __x64_code_ranges_to_entry_points_count 0000000000000000     <absolute>
 0000:00000000       __hybrid_code_map          0000000000000000     <absolute>
 0000:00000000       __arm64x_redirection_metadata 0000000000000000     <absolute>
 0000:00000000       __x64_code_ranges_to_entry_points 0000000000000000     <absolute>
 0000:00000000       __arm64x_extra_rfe_table_size 0000000000000000     <absolute>
 0000:00000000       __guard_iat_table          0000000000000000     <absolute>
 0000:00000000       ___safe_se_handler_count   0000000000000000     <absolute>
 0000:00000000       __guard_iat_count          0000000000000000     <absolute>
 0000:00000000       __guard_longjmp_count      0000000000000000     <absolute>
 0000:00000000       __guard_longjmp_table      0000000000000000     <absolute>
 0000:00000000       __dynamic_value_reloc_table 0000000000000000     <absolute>
 0000:00000000       __hybrid_auxiliary_iat     0000000000000000     <absolute>
 0000:00000000       __hybrid_auxiliary_iat_copy 0000000000000000     <absolute>
 0000:00000000       __guard_eh_cont_count      0000000000000000     <absolute>
 0000:00000000       __AbsoluteZero             0000000000000000     <absolute>
 0000:00000000       __guard_check_icall_a64n_fptr 0000000000000000     <absolute>
 0000:00000000       __guard_fids_table         0000000000000000     <absolute>
 0000:00000000       __arm64x_redirection_metadata_count 0000000000000000     <absolute>
 0000:00000000       __enclave_config           0000000000000000     <absolute>
 0000:00000000       __guard_eh_cont_table      0000000000000000     <absolute>
 0000:00000000       __arm64x_native_entrypoint 0000000000000000     <absolute>
 0000:00000000       __hybrid_code_map_count    0000000000000000     <absolute>
 0000:00000100       __guard_flags              0000000000000100     <absolute>
 0000:00000000       __ImageBase                0000000140000000     <linker-defined>
 0001:00000000       WinMain                    0000000140001000 f   win32_handmade.obj
 0001:000010f0       ?XInputGetStateStub@@YAKKPEAU_XINPUT_STATE@@@Z 00000001400020f0 f   win32_handmade.obj
 0001:00001110       ?XInputSetStateStub@@YAKKPEAU_XINPUT_VIBRATION@@@Z 0000000140002110 f   win32_handmade.obj
 0001:00001e60       ?SafeTruncateUInt64@@YAI_K@Z 0000000140002e60 f i win32_handmade.obj
 0001:00001e90       __GSHandlerCheck           0000000140002e90 f   LIBCMT:gshandler.obj
 0001:00001eb0       __GSHandlerCheckCommon     0000000140002eb0 f   LIBCMT:gshandler.obj
 0001:00001f20       __security_check_cookie    0000000140002f20 f   LIBCMT:amdsecgs.obj
 0001:00002198       WinMainCRTStartup          0000000140003198 f   LIBCMT:exe_winmain.obj
 0001:000021ac       __raise_securityfailure    00000001400031ac f   LIBCMT:gs_report.obj
 0001:000021e0       __report_gsfailure         00000001400031e0 f   LIBCMT:gs_report.obj
 0001:000022b4       __report_rangecheckfailure 00000001400032b4 f   LIBCMT:gs_report.obj
 0001:000022c8       __report_securityfailure   00000001400032c8 f   LIBCMT:gs_report.obj
 0001:00002448       __scrt_acquire_startup_lock 0000000140003448 f   LIBCMT:utility.obj
 0001:00002484       __scrt_initialize_crt      0000000140003484 f   LIBCMT:utility.obj
 0001:000024d0       __scrt_initialize_onexit_tables 00000001400034d0 f   LIBCMT:utility.obj
 0001:0000255c       __scrt_is_nonwritable_in_current_image 000000014000355c f   LIBCMT:utility.obj
 0001:000025f4       __scrt_release_startup_lock 00000001400035f4 f   LIBCMT:utility.obj
 0001:00002618       __scrt_uninitialize_crt    0000000140003618 f   LIBCMT:utility.obj
 0001:00002644       _onexit                    0000000140003644 f   LIBCMT:utility.obj
 0001:00002680       atexit                     0000000140003680 f   LIBCMT:utility.obj
 0001:00002698       __security_init_cookie     0000000140003698 f   LIBCMT:gs_support.obj
 0001:00002744       _matherr                   0000000140003744 f   LIBCMT:matherr.obj
 0001:00002744       __scrt_exe_initialize_mta  0000000140003744 f   LIBCMT:utility_desktop.obj
 0001:00002744       _get_startup_thread_locale_mode 0000000140003744 f   LIBCMT:thread_locale.obj
 0001:00002744       _get_startup_new_mode      0000000140003744 f   LIBCMT:new_mode.obj
 0001:00002744       __scrt_stub_for_initialize_mta 0000000140003744 f   LIBCMT:utility_desktop.obj
 0001:00002744       __scrt_initialize_winrt    0000000140003744 f   LIBCMT:utility_desktop.obj
 0001:00002744       _get_startup_commit_mode   0000000140003744 f   LIBCMT:commit_mode.obj
 0001:00002748       _get_startup_argv_mode     0000000140003748 f   LIBCMT:argv_mode.obj
 0001:00002750       _get_startup_file_mode     0000000140003750 f   LIBCMT:file_mode.obj
 0001:00002758       ?__scrt_initialize_type_info@@YAXXZ 0000000140003758 f   LIBCMT:tncleanup.obj
 0001:00002768       __acrt_uninitialize_command_line 0000000140003768 f   libucrt:argv_data.obj
 0001:00002768       _should_initialize_environment 0000000140003768 f   LIBCMT:env_mode.obj
 0001:0000276c       _initialize_denormal_control 000000014000376c f   LIBCMT:denormal_control.obj
 0001:0000276c       _initialize_invalid_parameter_handler 000000014000376c f   LIBCMT:invalid_parameter_handler.obj
 0001:0000276c       _guard_check_icall_nop     000000014000376c f   LIBCMT:guard_support.obj
 0001:00002770       __local_stdio_printf_options 0000000140003770 f i LIBCMT:default_local_stdio_options.obj
 0001:00002778       __local_stdio_scanf_options 0000000140003778 f i LIBCMT:default_local_stdio_options.obj
 0001:00002780       __scrt_initialize_default_local_stdio_options 0000000140003780 f   LIBCMT:default_local_stdio_options.obj
 0001:0000279c       __scrt_is_user_matherr_present 000000014000379c f   LIBCMT:matherr_detection.obj
 0001:000027a8       __scrt_get_dyn_tls_init_callback 00000001400037a8 f   LIBCMT:dyn_tls_init.obj
 0001:000027b0       __scrt_get_dyn_tls_dtor_callback 00000001400037b0 f   LIBCMT:dyn_tls_dtor.obj
 0001:000027b8       __crt_debugger_hook        00000001400037b8 f   LIBCMT:utility_desktop.obj
 0001:000027c0       __scrt_fastfail            00000001400037c0 f   LIBCMT:utility_desktop.obj
 0001:0000290c       __scrt_get_show_window_mode 000000014000390c f   LIBCMT:utility_desktop.obj
 0001:00002948       __scrt_initialize_mta      0000000140003948 f   LIBCMT:utility_desktop.obj
 0001:00002950       __scrt_is_managed_app      0000000140003950 f   LIBCMT:utility_desktop.obj
 0001:000029a4       __scrt_set_unhandled_exception_filter 00000001400039a4 f   LIBCMT:utility_desktop.obj
 0001:000029b4       __scrt_unhandled_exception_filter 00000001400039b4 f   LIBCMT:utility_desktop.obj
 0001:00002a10       _RTC_Initialize            0000000140003a10 f   LIBCMT:initsect.obj
 0001:00002a4c       _RTC_Terminate             0000000140003a4c f   LIBCMT:initsect.obj
 0001:00002a88       __isa_available_init       0000000140003a88 f   LIBCMT:cpu_disp.obj
 0001:00002c2c       __scrt_is_ucrt_dll_in_use  0000000140003c2c f   LIBCMT:ucrt_detection.obj
 0001:00002c40       __C_specific_handler       0000000140003c40 f   libvcruntime:riscchandler.obj
 0001:00002e38       __vcrt_initialize          0000000140003e38 f   libvcruntime:initialization.obj
 0001:00002e60       __vcrt_uninitialize        0000000140003e60 f   libvcruntime:initialization.obj
 0001:00002e7c       __DestructExceptionObject  0000000140003e7c f   libvcruntime:ehhelpers.obj
 0001:00002eec       ?_CallMemberFunction0@@YAXQEAX0@Z 0000000140003eec f i libvcruntime:ehhelpers.obj
 0001:00002ef0       __current_exception        0000000140003ef0 f   libvcruntime:ehhelpers.obj
 0001:00002f04       __current_exception_context 0000000140003f04 f   libvcruntime:ehhelpers.obj
 0001:00002f30       memset_repmovs             0000000140003f30 f   libvcruntime:memset.obj
 0001:00002f50       memset                     0000000140003f50 f   libvcruntime:memset.obj
 0001:000030f0       _NLG_Notify                00000001400040f0 f   libvcruntime:notify.obj
 0001:00003110       __NLG_Dispatch2            0000000140004110 f   libvcruntime:notify.obj
 0001:00003120       __NLG_Return2              0000000140004120 f   libvcruntime:notify.obj
 0001:00003124       __except_validate_context_record 0000000140004124 f   libvcruntime:jbcxrval.obj
 0001:0000315c       __vcrt_freefls             000000014000415c f   libvcruntime:per_thread_data.obj
 0001:0000317c       __vcrt_getptd              000000014000417c f   libvcruntime:per_thread_data.obj
 0001:00003198       __vcrt_getptd_noexit       0000000140004198 f   libvcruntime:per_thread_data.obj
 0001:00003258       __vcrt_initialize_ptd      0000000140004258 f   libvcruntime:per_thread_data.obj
 0001:000032a0       __vcrt_uninitialize_ptd    00000001400042a0 f   libvcruntime:per_thread_data.obj
 0001:000032c4       __vcrt_initialize_locks    00000001400042c4 f   libvcruntime:locks.obj
 0001:0000330c       __vcrt_uninitialize_locks  000000014000430c f   libvcruntime:locks.obj
 0001:00003494       __vcrt_FlsAlloc            0000000140004494 f   libvcruntime:winapi_downlevel.obj
 0001:000034dc       __vcrt_FlsFree             00000001400044dc f   libvcruntime:winapi_downlevel.obj
 0001:00003524       __vcrt_FlsGetValue         0000000140004524 f   libvcruntime:winapi_downlevel.obj
 0001:0000356c       __vcrt_FlsSetValue         000000014000456c f   libvcruntime:winapi_downlevel.obj
 0001:000035c0       __vcrt_InitializeCriticalSectionEx 00000001400045c0 f   libvcruntime:winapi_downlevel.obj
 0001:00003640       memcpy_repmovs             0000000140004640 f   libvcruntime:memcpy.obj
 0001:00003660       memmove                    0000000140004660 f   libvcruntime:memcpy.obj
 0001:00003660       memcpy                     0000000140004660 f   libvcruntime:memcpy.obj
 0001:00003cf0       _CallSettingFrame          0000000140004cf0 f   libvcruntime:handlers.obj
 0001:00003d40       _CallSettingFrame_LookupContinuationIndex 0000000140004d40 f   libvcruntime:handlers.obj
 0001:00003d70       _CallSettingFrame_NotifyContinuationAddr 0000000140004d70 f   libvcruntime:handlers.obj
 0001:00003da0       _CallSettingFrameEncoded   0000000140004da0 f   libvcruntime:handlers.obj
 0001:00003df0       sinf                       0000000140004df0 f   libucrt:sinf.obj
 0001:000044e8       _seh_filter_exe            00000001400054e8 f   libucrt:exception_filter.obj
 0001:0000466c       _query_app_type            000000014000566c f   libucrt:report_runtime_error.obj
 0001:00004674       _set_app_type              0000000140005674 f   libucrt:report_runtime_error.obj
 0001:0000467c       __acrt_has_user_matherr    000000014000567c f   libucrt:matherr.obj
 0001:0000469c       __acrt_initialize_user_matherr 000000014000569c f   libucrt:matherr.obj
 0001:000046a4       __acrt_invoke_user_matherr 00000001400056a4 f   libucrt:matherr.obj
 0001:000046d4       __setusermatherr           00000001400056d4 f   libucrt:matherr.obj
 0001:000048bc       __acrt_allocate_buffer_for_argv 00000001400058bc f   libucrt:argv_parsing.obj
 0001:0000491c       _configure_narrow_argv     000000014000591c f   libucrt:argv_parsing.obj
 0001:00004c94       __dcrt_uninitialize_environments_nolock 0000000140005c94 f   libucrt:environment_initialization.obj
 0001:00004ccc       _initialize_narrow_environment 0000000140005ccc f   libucrt:environment_initialization.obj
 0001:00004cd4       _get_narrow_winmain_command_line 0000000140005cd4 f   libucrt:argv_winmain.obj
 0001:00004d44       _initterm                  0000000140005d44 f   libucrt:initterm.obj
 0001:00004da8       _initterm_e                0000000140005da8 f   libucrt:initterm.obj
 0001:00005054       __acrt_initialize_thread_local_exit_callback 0000000140006054 f   libucrt:exit.obj
 0001:0000505c       _c_exit                    000000014000605c f   libucrt:exit.obj
 0001:0000506c       _cexit                     000000014000606c f   libucrt:exit.obj
 0001:0000507c       _exit                      000000014000607c f   libucrt:exit.obj
 0001:00005088       _register_thread_local_exe_atexit_callback 0000000140006088 f   libucrt:exit.obj
 0001:000050c4       exit                       00000001400060c4 f   libucrt:exit.obj
 0001:000050d0       _set_fmode                 00000001400060d0 f   libucrt:setmode.obj
 0001:00005180       __acrt_set_locale_changed  0000000140006180 f   libucrt:wsetlocale.obj
 0001:0000518c       __acrt_uninitialize_locale 000000014000618c f   libucrt:wsetlocale.obj
 0001:000051bc       _configthreadlocale        00000001400061bc f   libucrt:wsetlocale.obj
 0001:00005228       _query_new_mode            0000000140006228 f   libucrt:new_mode.obj
 0001:00005230       _set_new_mode              0000000140006230 f   libucrt:new_mode.obj
 0001:0000525c       __p__commode               000000014000625c f   libucrt:ncommode.obj
 0001:000055a4       _crt_atexit                00000001400065a4 f   libucrt:onexit.obj
 0001:000055b4       _execute_onexit_table      00000001400065b4 f   libucrt:onexit.obj
 0001:000055f0       _initialize_onexit_table   00000001400065f0 f   libucrt:onexit.obj
 0001:00005618       _register_onexit_function  0000000140006618 f   libucrt:onexit.obj
 0001:0000578c       __acrt_initialize          000000014000678c f   libucrt:initialization.obj
 0001:000057a0       __acrt_uninitialize        00000001400067a0 f   libucrt:initialization.obj
 0001:000057d8       terminate                  00000001400067d8 f   libucrt:terminate.obj
 0001:000057f8       free                       00000001400067f8 f   libucrt:free.obj
 0001:0000580c       strcpy_s                   000000014000680c f   libucrt:strcpy_s.obj
 0001:0000586c       abort                      000000014000686c f   libucrt:abort.obj
 0001:000058c4       calloc                     00000001400068c4 f   libucrt:calloc.obj
 0001:000058cc       ??0_LocaleUpdate@@QEAA@QEAU__crt_locale_pointers@@@Z 00000001400068cc f i libucrt:output.obj
 0001:00005980       strncmp                    0000000140006980 f   libucrt:strncmp.obj
 0001:00005a00       wcsncmp                    0000000140006a00 f   libucrt:wcsncmp.obj
 0001:00005a30       __acrt_initialize_fma3     0000000140006a30 f   libucrt:fma3_available.obj
 0001:00005aa0       __remainder_piby2d2f_forC  0000000140006aa0 f   libucrt:remainder_piby2f_forc.obj
 0001:00005cb8       _sinf_special              0000000140006cb8 f   libucrt:sincos_special.obj
 0001:00006044       __acrt_getptd              0000000140007044 f   libucrt:per_thread_data.obj
 0001:00006118       __acrt_getptd_head         0000000140007118 f   libucrt:per_thread_data.obj
 0001:000061c0       __acrt_getptd_noexit       00000001400071c0 f   libucrt:per_thread_data.obj
 0001:0000628c       __acrt_initialize_ptd      000000014000728c f   libucrt:per_thread_data.obj
 0001:000062c8       __acrt_uninitialize_ptd    00000001400072c8 f   libucrt:per_thread_data.obj
 0001:000062ec       __acrt_call_reportfault    00000001400072ec f   libucrt:invalid_parameter.obj
 0001:00006448       __acrt_initialize_invalid_parameter_handler 0000000140007448 f   libucrt:invalid_parameter.obj
 0001:00006450       _invalid_parameter         0000000140007450 f   libucrt:invalid_parameter.obj
 0001:00006500       _invalid_parameter_noinfo  0000000140007500 f   libucrt:invalid_parameter.obj
 0001:00006520       _invoke_watson             0000000140007520 f   libucrt:invalid_parameter.obj
 0001:00006568       __acrt_errno_from_os_error 0000000140007568 f   libucrt:errno.obj
 0001:000065b0       __acrt_errno_map_os_error  00000001400075b0 f   libucrt:errno.obj
 0001:00006600       __doserrno                 0000000140007600 f   libucrt:errno.obj
 0001:00006620       _errno                     0000000140007620 f   libucrt:errno.obj
 0001:00006640       _calloc_base               0000000140007640 f   libucrt:calloc_base.obj
 0001:000066b8       _free_base                 00000001400076b8 f   libucrt:free_base.obj
 0001:0000670c       ??$__acrt_mbs_to_wcs_cp@U__crt_win32_buffer_internal_dynamic_resizing@@@@YAHQEBDAEAV?$__crt_win32_buffer@_WU__crt_win32_buffer_internal_dynamic_resizing@@@@I@Z 000000014000770c f i libucrt:argv_wildcards.obj
 0001:00006884       ??$__acrt_wcs_to_mbs_cp@U__crt_win32_buffer_internal_dynamic_resizing@@@@YAHQEB_WAEAV?$__crt_win32_buffer@DU__crt_win32_buffer_internal_dynamic_resizing@@@@I@Z 0000000140007884 f i libucrt:argv_wildcards.obj
 0001:000070b4       __acrt_expand_narrow_argv_wildcards 00000001400080b4 f   libucrt:argv_wildcards.obj
 0001:000070bc       ??$__acrt_wcs_to_mbs_cp@U__crt_win32_buffer_no_resizing@@@@YAHQEB_WAEAV?$__crt_win32_buffer@DU__crt_win32_buffer_no_resizing@@@@I@Z 00000001400080bc f i libucrt:getmodulefilenamea.obj
 0001:000071d0       __acrt_GetModuleFileNameA  00000001400081d0 f   libucrt:getmodulefilenamea.obj
 0001:00007a18       __acrt_initialize_multibyte 0000000140008a18 f   libucrt:mbctype.obj
 0001:00007a78       __acrt_update_thread_multibyte_data 0000000140008a78 f   libucrt:mbctype.obj
 0001:00007a94       _setmbcp_nolock            0000000140008a94 f   libucrt:mbctype.obj
 0001:00007dc8       _ismbblead                 0000000140008dc8 f   libucrt:ismbbyte.obj
 0001:00007ddc       __acrt_initialize_command_line 0000000140008ddc f   libucrt:argv_data.obj
 0001:00007e04       __acrt_MultiByteToWideChar 0000000140008e04 f   libucrt:multibytetowidechar.obj
 0001:00007e60       __acrt_WideCharToMultiByte 0000000140008e60 f   libucrt:widechartomultibyte.obj
 0001:00007f10       __dcrt_get_narrow_environment_from_os 0000000140008f10 f   libucrt:get_environment_from_os.obj
 0001:00008014       __acrt_initialize_locks    0000000140009014 f   libucrt:locks.obj
 0001:0000805c       __acrt_lock                000000014000905c f   libucrt:locks.obj
 0001:00008078       __acrt_uninitialize_locks  0000000140009078 f   libucrt:locks.obj
 0001:000080b0       __acrt_unlock              00000001400090b0 f   libucrt:locks.obj
 0001:000080cc       __acrt_get_process_end_policy 00000001400090cc f   libucrt:win_policies.obj
 0001:00008108       __acrt_lowio_create_handle_array 0000000140009108 f   libucrt:osfinfo.obj
 0001:000081b0       __acrt_lowio_destroy_handle_array 00000001400091b0 f   libucrt:osfinfo.obj
 0001:00008200       __acrt_lowio_ensure_fh_exists 0000000140009200 f   libucrt:osfinfo.obj
 0001:000082a8       __acrt_lowio_lock_fh       00000001400092a8 f   libucrt:osfinfo.obj
 0001:000082d0       __acrt_lowio_unlock_fh     00000001400092d0 f   libucrt:osfinfo.obj
 0001:000082f8       _free_osfhnd               00000001400092f8 f   libucrt:osfinfo.obj
 0001:000083b4       _get_osfhandle             00000001400093b4 f   libucrt:osfinfo.obj
 0001:0000842c       __acrt_initialize_fmode    000000014000942c f   libucrt:txtmode.obj
 0001:00008644       __acrt_initialize_lowio    0000000140009644 f   libucrt:ioinit.obj
 0001:00008680       __acrt_uninitialize_lowio  0000000140009680 f   libucrt:ioinit.obj
 0001:000086c0       __acrt_locale_free_monetary 00000001400096c0 f   libucrt:initmon.obj
 0001:000087cc       __acrt_locale_free_numeric 00000001400097cc f   libucrt:initnum.obj
 0001:00008890       __acrt_locale_free_time    0000000140009890 f   libucrt:inittime.obj
 0001:00008998       __pctype_func              0000000140009998 f   libucrt:ctype.obj
 0001:000089c8       _malloc_base               00000001400099c8 f   libucrt:malloc_base.obj
 0001:00008a28       __acrt_GetStringTypeA      0000000140009a28 f   libucrt:getstringtypea.obj
 0001:00008bb8       __acrt_add_locale_ref      0000000140009bb8 f   libucrt:locale_refcounting.obj
 0001:00008c44       __acrt_free_locale         0000000140009c44 f   libucrt:locale_refcounting.obj
 0001:00008dbc       __acrt_locale_add_lc_time_reference 0000000140009dbc f   libucrt:locale_refcounting.obj
 0001:00008de4       __acrt_locale_free_lc_time_if_unreferenced 0000000140009de4 f   libucrt:locale_refcounting.obj
 0001:00008e1c       __acrt_locale_release_lc_time_reference 0000000140009e1c f   libucrt:locale_refcounting.obj
 0001:00008e44       __acrt_release_locale_ref  0000000140009e44 f   libucrt:locale_refcounting.obj
 0001:00008eec       __acrt_update_thread_locale_data 0000000140009eec f   libucrt:locale_refcounting.obj
 0001:00008f5c       _updatetlocinfoEx_nolock   0000000140009f5c f   libucrt:locale_refcounting.obj
 0001:0000919c       __acrt_AppPolicyGetProcessTerminationMethodInternal 000000014000a19c f   libucrt:winapi_thunks.obj
 0001:000091ec       __acrt_AreFileApisANSI     000000014000a1ec f   libucrt:winapi_thunks.obj
 0001:00009228       __acrt_FlsAlloc            000000014000a228 f   libucrt:winapi_thunks.obj
 0001:00009270       __acrt_FlsFree             000000014000a270 f   libucrt:winapi_thunks.obj
 0001:000092b8       __acrt_FlsGetValue         000000014000a2b8 f   libucrt:winapi_thunks.obj
 0001:00009300       __acrt_FlsSetValue         000000014000a300 f   libucrt:winapi_thunks.obj
 0001:00009354       __acrt_InitializeCriticalSectionEx 000000014000a354 f   libucrt:winapi_thunks.obj
 0001:000093b8       __acrt_LCMapStringEx       000000014000a3b8 f   libucrt:winapi_thunks.obj
 0001:00009494       __acrt_LocaleNameToLCID    000000014000a494 f   libucrt:winapi_thunks.obj
 0001:000094e4       __acrt_initialize_winapi_thunks 000000014000a4e4 f   libucrt:winapi_thunks.obj
 0001:00009518       __acrt_uninitialize_winapi_thunks 000000014000a518 f   libucrt:winapi_thunks.obj
 0001:0000955c       _recalloc_base             000000014000a55c f   libucrt:recalloc.obj
 0001:000095f4       __acrt_initialize_heap     000000014000a5f4 f   libucrt:heap_handle.obj
 0001:00009610       __acrt_uninitialize_heap   000000014000a610 f   libucrt:heap_handle.obj
 0001:0000961c       __acrt_execute_initializers 000000014000a61c f   libucrt:shared_initialization.obj
 0001:0000969c       __acrt_execute_uninitializers 000000014000a69c f   libucrt:shared_initialization.obj
 0001:000096d8       __acrt_initialize_new_handler 000000014000a6d8 f   libucrt:new_handler.obj
 0001:000096e0       _callnewh                  000000014000a6e0 f   libucrt:new_handler.obj
 0001:00009710       _query_new_handler         000000014000a710 f   libucrt:new_handler.obj
 0001:0000978c       __acrt_get_sigabrt_handler 000000014000a78c f   libucrt:signal.obj
 0001:000097bc       __acrt_initialize_signal_handlers 000000014000a7bc f   libucrt:signal.obj
 0001:000097dc       raise                      000000014000a7dc f   libucrt:signal.obj
 0001:00009c24       __acrt_stdio_flush_nolock  000000014000ac24 f   libucrt:fflush.obj
 0001:00009ca0       _fflush_nolock             000000014000aca0 f   libucrt:fflush.obj
 0001:00009cec       _flushall                  000000014000acec f   libucrt:fflush.obj
 0001:00009cf4       __acrt_initialize_stdio    000000014000acf4 f   libucrt:_file.obj
 0001:00009e14       __acrt_uninitialize_stdio  000000014000ae14 f   libucrt:_file.obj
 0001:00009e70       _lock_file                 000000014000ae70 f   libucrt:_file.obj
 0001:00009e7c       _unlock_file               000000014000ae7c f   libucrt:_file.obj
 0001:00009e88       _mbtowc_l                  000000014000ae88 f   libucrt:mbtowc.obj
 0001:0000a008       mbtowc                     000000014000b008 f   libucrt:mbtowc.obj
 0001:0000a010       __acrt_update_locale_info  000000014000b010 f   libucrt:locale_update.obj
 0001:0000a044       __acrt_update_multibyte_info 000000014000b044 f   libucrt:locale_update.obj
 0001:0000a078       _fileno                    000000014000b078 f   libucrt:fileno.obj
 0001:0000a1c4       _handle_error              000000014000b1c4 f   libucrt:libm_error.obj
 0001:0000a2ec       _handle_errorf             000000014000b2ec f   libucrt:libm_error.obj
 0001:0000a420       qsort                      000000014000b420 f   libucrt:qsort.obj
 0001:0000a7c0       strncpy_s                  000000014000b7c0 f   libucrt:strncpy_s.obj
 0001:0000a940       strpbrk                    000000014000b940 f   libucrt:strpbrk.obj
 0001:0000ad08       _mbsdec                    000000014000bd08 f   libucrt:mbsdec.obj
 0001:0000ad10       _mbsdec_l                  000000014000bd10 f   libucrt:mbsdec.obj
 0001:0000b0bc       __acrt_LCMapStringA        000000014000c0bc f   libucrt:lcmapstringa.obj
 0001:0000b16c       __ascii_wcsnicmp           000000014000c16c f   libucrt:wcsnicmp.obj
 0001:0000b1b8       __acrt_DownlevelLocaleNameToLCID 000000014000c1b8 f   libucrt:lcidtoname_downlevel.obj
 0001:0000b268       _msize_base                000000014000c268 f   libucrt:msize.obj
 0001:0000b2a4       _realloc_base              000000014000c2a4 f   libucrt:realloc_base.obj
 0001:0000b3ac       _commit                    000000014000c3ac f   libucrt:commit.obj
 0001:0000bcbc       _write                     000000014000ccbc f   libucrt:write.obj
 0001:0000bda8       _write_nolock              000000014000cda8 f   libucrt:write.obj
 0001:0000c08c       _fcloseall                 000000014000d08c f   libucrt:closeall.obj
 0001:0000c140       __acrt_stdio_free_buffer_nolock 000000014000d140 f   libucrt:_freebuf.obj
 0001:0000c180       _isatty                    000000014000d180 f   libucrt:isatty.obj
 0001:0000c1e0       _isleadbyte_l              000000014000d1e0 f i libucrt:_wctype.obj
 0001:0000c22c       ?__mbrtowc_utf8@__crt_mbstring@@YA_KPEA_WPEBD_KPEAU_Mbstatet@@@Z 000000014000d22c f   libucrt:mbrtowc.obj
 0001:0000c268       ?__mbsrtowcs_utf8@__crt_mbstring@@YA_KPEA_WPEAPEBD_KPEAU_Mbstatet@@@Z 000000014000d268 f   libucrt:mbrtowc.obj
 0001:0000c3e0       _raise_exc                 000000014000d3e0 f   libucrt:fpexcept.obj
 0001:0000c408       _raise_exc_ex              000000014000d408 f   libucrt:fpexcept.obj
 0001:0000c718       _raise_excf                000000014000d718 f   libucrt:fpexcept.obj
 0001:0000c744       _set_errno_from_matherr    000000014000d744 f   libucrt:fpexcept.obj
 0001:0000c774       _clrfp                     000000014000d774 f   libucrt:fpctrl.obj
 0001:0000c794       _ctrlfp                    000000014000d794 f   libucrt:fpctrl.obj
 0001:0000c810       _set_statfp                000000014000d810 f   libucrt:fpctrl.obj
 0001:0000c830       _statfp                    000000014000d830 f   libucrt:fpctrl.obj
 0001:0000c844       __strncnt                  000000014000d844 f   libucrt:strncnt.obj
 0001:0000c8f8       _lseeki64_nolock           000000014000d8f8 f   libucrt:lseek.obj
 0001:0000c900       _putwch_nolock             000000014000d900 f   libucrt:putwch.obj
 0001:0000c93c       _fclose_nolock             000000014000d93c f   libucrt:fclose.obj
 0001:0000c9c0       fclose                     000000014000d9c0 f   libucrt:fclose.obj
 0001:0000ca24       ?__mbrtoc32_utf8@__crt_mbstring@@YA_KPEA_UPEBD_KPEAU_Mbstatet@@@Z 000000014000da24 f   libucrt:mbrtoc32.obj
 0001:0000cc00       log10                      000000014000dc00 f   libucrt:log10.obj
 0001:0000d1c0       _get_fpsr                  000000014000e1c0 f   libucrt:fpsr.obj
 0001:0000d1d0       _set_fpsr                  000000014000e1d0 f   libucrt:fpsr.obj
 0001:0000d1da       _fclrf                     000000014000e1da f   libucrt:fpsr.obj
 0001:0000d1ee       _frnd                      000000014000e1ee f   libucrt:fpsr.obj
 0001:0000d210       __dcrt_lowio_ensure_console_output_initialized 000000014000e210 f   libucrt:initcon.obj
 0001:0000d264       __dcrt_terminate_console_output 000000014000e264 f   libucrt:initcon.obj
 0001:0000d280       __dcrt_write_console       000000014000e280 f   libucrt:initcon.obj
 0001:0000d3b4       _close                     000000014000e3b4 f   libucrt:close.obj
 0001:0000d458       _close_nolock              000000014000e458 f   libucrt:close.obj
 0001:0000d518       ?__acrt_stdio_free_stream@@YAXV__crt_stdio_stream@@@Z 000000014000e518 f   libucrt:stream.obj
 0001:0000d540       _log10_special             000000014000e540 f   libucrt:log_special.obj
 0001:0000d600       _FindPESection             000000014000e600 f   LIBCMT:pesect.obj
 0001:0000d650       _IsNonwritableInCurrentImage 000000014000e650 f   LIBCMT:pesect.obj
 0001:0000d6a0       _ValidateImageBase         000000014000e6a0 f   LIBCMT:pesect.obj
 0001:0000d6e0       __chkstk                   000000014000e6e0 f   LIBCMT:chkstk.obj
 0001:0000d6e0       _alloca_probe              000000014000e6e0 f   LIBCMT:chkstk.obj
 0001:0000d740       memcmp                     000000014000e740 f   libvcruntime:memcmp.obj
 0001:0000d820       _guard_dispatch_icall_nop  000000014000e820 f   LIBCMT:guard_dispatch.obj
 0001:0000d840       _guard_xfg_dispatch_icall_nop 000000014000e840 f   LIBCMT:guard_xfg_dispatch.obj
 0002:00000000       __imp_StretchDIBits        000000014000f000     gdi32:GDI32.dll
 0002:00000008       \177GDI32_NULL_THUNK_DATA  000000014000f008     gdi32:GDI32.dll
 0002:00000010       __imp_CreateFileW          000000014000f010     kernel32:KERNEL32.dll
 0002:00000018       __imp_SetFilePointerEx     000000014000f018     kernel32:KERNEL32.dll
 0002:00000020       __imp_GetConsoleMode       000000014000f020     kernel32:KERNEL32.dll
 0002:00000028       __imp_WriteConsoleW        000000014000f028     kernel32:KERNEL32.dll
 0002:00000030       __imp_FlushFileBuffers     000000014000f030     kernel32:KERNEL32.dll
 0002:00000038       __imp_HeapReAlloc          000000014000f038     kernel32:KERNEL32.dll
 0002:00000040       __imp_HeapSize             000000014000f040     kernel32:KERNEL32.dll
 0002:00000048       __imp_GetConsoleOutputCP   000000014000f048     kernel32:KERNEL32.dll
 0002:00000050       __imp_TlsSetValue          000000014000f050     kernel32:KERNEL32.dll
 0002:00000058       __imp_CreateFileA          000000014000f058     kernel32:KERNEL32.dll
 0002:00000060       __imp_GetFileSizeEx        000000014000f060     kernel32:KERNEL32.dll
 0002:00000068       __imp_ReadFile             000000014000f068     kernel32:KERNEL32.dll
 0002:00000070       __imp_WriteFile            000000014000f070     kernel32:KERNEL32.dll
 0002:00000078       __imp_OutputDebugStringA   000000014000f078     kernel32:KERNEL32.dll
 0002:00000080       __imp_CloseHandle          000000014000f080     kernel32:KERNEL32.dll
 0002:00000088       __imp_QueryPerformanceCounter 000000014000f088     kernel32:KERNEL32.dll
 0002:00000090       __imp_QueryPerformanceFrequency 000000014000f090     kernel32:KERNEL32.dll
 0002:00000098       __imp_VirtualAlloc         000000014000f098     kernel32:KERNEL32.dll
 0002:000000a0       __imp_VirtualFree          000000014000f0a0     kernel32:KERNEL32.dll
 0002:000000a8       __imp_GetProcAddress       000000014000f0a8     kernel32:KERNEL32.dll
 0002:000000b0       __imp_LoadLibraryA         000000014000f0b0     kernel32:KERNEL32.dll
 0002:000000b8       __imp_RtlCaptureContext    000000014000f0b8     kernel32:KERNEL32.dll
 0002:000000c0       __imp_RtlLookupFunctionEntry 000000014000f0c0     kernel32:KERNEL32.dll
 0002:000000c8       __imp_RtlVirtualUnwind     000000014000f0c8     kernel32:KERNEL32.dll
 0002:000000d0       __imp_UnhandledExceptionFilter 000000014000f0d0     kernel32:KERNEL32.dll
 0002:000000d8       __imp_SetUnhandledExceptionFilter 000000014000f0d8     kernel32:KERNEL32.dll
 0002:000000e0       __imp_GetCurrentProcess    000000014000f0e0     kernel32:KERNEL32.dll
 0002:000000e8       __imp_TerminateProcess     000000014000f0e8     kernel32:KERNEL32.dll
 0002:000000f0       __imp_IsProcessorFeaturePresent 000000014000f0f0     kernel32:KERNEL32.dll
 0002:000000f8       __imp_GetCurrentProcessId  000000014000f0f8     kernel32:KERNEL32.dll
 0002:00000100       __imp_GetCurrentThreadId   000000014000f100     kernel32:KERNEL32.dll
 0002:00000108       __imp_GetSystemTimeAsFileTime 000000014000f108     kernel32:KERNEL32.dll
 0002:00000110       __imp_InitializeSListHead  000000014000f110     kernel32:KERNEL32.dll
 0002:00000118       __imp_IsDebuggerPresent    000000014000f118     kernel32:KERNEL32.dll
 0002:00000120       __imp_GetStartupInfoW      000000014000f120     kernel32:KERNEL32.dll
 0002:00000128       __imp_GetModuleHandleW     000000014000f128     kernel32:KERNEL32.dll
 0002:00000130       __imp_GetProcessHeap       000000014000f130     kernel32:KERNEL32.dll
 0002:00000138       __imp_RtlUnwindEx          000000014000f138     kernel32:KERNEL32.dll
 0002:00000140       __imp_GetLastError         000000014000f140     kernel32:KERNEL32.dll
 0002:00000148       __imp_SetLastError         000000014000f148     kernel32:KERNEL32.dll
 0002:00000150       __imp_EnterCriticalSection 000000014000f150     kernel32:KERNEL32.dll
 0002:00000158       __imp_LeaveCriticalSection 000000014000f158     kernel32:KERNEL32.dll
 0002:00000160       __imp_DeleteCriticalSection 000000014000f160     kernel32:KERNEL32.dll
 0002:00000168       __imp_InitializeCriticalSectionAndSpinCount 000000014000f168     kernel32:KERNEL32.dll
 0002:00000170       __imp_TlsAlloc             000000014000f170     kernel32:KERNEL32.dll
 0002:00000178       __imp_TlsGetValue          000000014000f178     kernel32:KERNEL32.dll
 0002:00000180       __imp_TlsFree              000000014000f180     kernel32:KERNEL32.dll
 0002:00000188       __imp_FreeLibrary          000000014000f188     kernel32:KERNEL32.dll
 0002:00000190       __imp_LoadLibraryExW       000000014000f190     kernel32:KERNEL32.dll
 0002:00000198       __imp_RaiseException       000000014000f198     kernel32:KERNEL32.dll
 0002:000001a0       __imp_GetStdHandle         000000014000f1a0     kernel32:KERNEL32.dll
 0002:000001a8       __imp_GetModuleFileNameW   000000014000f1a8     kernel32:KERNEL32.dll
 0002:000001b0       __imp_ExitProcess          000000014000f1b0     kernel32:KERNEL32.dll
 0002:000001b8       __imp_GetModuleHandleExW   000000014000f1b8     kernel32:KERNEL32.dll
 0002:000001c0       __imp_HeapAlloc            000000014000f1c0     kernel32:KERNEL32.dll
 0002:000001c8       __imp_HeapFree             000000014000f1c8     kernel32:KERNEL32.dll
 0002:000001d0       __imp_FindClose            000000014000f1d0     kernel32:KERNEL32.dll
 0002:000001d8       __imp_FindFirstFileExW     000000014000f1d8     kernel32:KERNEL32.dll
 0002:000001e0       __imp_FindNextFileW        000000014000f1e0     kernel32:KERNEL32.dll
 0002:000001e8       __imp_IsValidCodePage      000000014000f1e8     kernel32:KERNEL32.dll
 0002:000001f0       __imp_GetACP               000000014000f1f0     kernel32:KERNEL32.dll
 0002:000001f8       __imp_GetOEMCP             000000014000f1f8     kernel32:KERNEL32.dll
 0002:00000200       __imp_GetCPInfo            000000014000f200     kernel32:KERNEL32.dll
 0002:00000208       __imp_GetCommandLineA      000000014000f208     kernel32:KERNEL32.dll
 0002:00000210       __imp_GetCommandLineW      000000014000f210     kernel32:KERNEL32.dll
 0002:00000218       __imp_MultiByteToWideChar  000000014000f218     kernel32:KERNEL32.dll
 0002:00000220       __imp_WideCharToMultiByte  000000014000f220     kernel32:KERNEL32.dll
 0002:00000228       __imp_GetEnvironmentStringsW 000000014000f228     kernel32:KERNEL32.dll
 0002:00000230       __imp_FreeEnvironmentStringsW 000000014000f230     kernel32:KERNEL32.dll
 0002:00000238       __imp_SetStdHandle         000000014000f238     kernel32:KERNEL32.dll
 0002:00000240       __imp_GetFileType          000000014000f240     kernel32:KERNEL32.dll
 0002:00000248       __imp_GetStringTypeW       000000014000f248     kernel32:KERNEL32.dll
 0002:00000250       __imp_LCMapStringW         000000014000f250     kernel32:KERNEL32.dll
 0002:00000258       \177KERNEL32_NULL_THUNK_DATA 000000014000f258     kernel32:KERNEL32.dll
 0002:00000260       __imp_DispatchMessageA     000000014000f260     user32:USER32.dll
 0002:00000268       __imp_GetClientRect        000000014000f268     user32:USER32.dll
 0002:00000270       __imp_EndPaint             000000014000f270     user32:USER32.dll
 0002:00000278       __imp_BeginPaint           000000014000f278     user32:USER32.dll
 0002:00000280       __imp_GetDC                000000014000f280     user32:USER32.dll
 0002:00000288       __imp_CreateWindowExA      000000014000f288     user32:USER32.dll
 0002:00000290       __imp_RegisterClassA       000000014000f290     user32:USER32.dll
 0002:00000298       __imp_DefWindowProcA       000000014000f298     user32:USER32.dll
 0002:000002a0       __imp_PeekMessageA         000000014000f2a0     user32:USER32.dll
 0002:000002a8       __imp_TranslateMessage     000000014000f2a8     user32:USER32.dll
 0002:000002b0       \177USER32_NULL_THUNK_DATA 000000014000f2b0     user32:USER32.dll
 0002:000002b8       __guard_check_icall_fptr   000000014000f2b8     LIBCMT:guard_support.obj
 0002:000002c0       __guard_xfg_check_icall_fptr 000000014000f2c0     LIBCMT:guard_support.obj
 0002:000002c8       __guard_dispatch_icall_fptr 000000014000f2c8     LIBCMT:guard_support.obj
 0002:000002d0       __guard_xfg_dispatch_icall_fptr 000000014000f2d0     LIBCMT:guard_support.obj
 0002:000002d8       __guard_xfg_table_dispatch_icall_fptr 000000014000f2d8     LIBCMT:guard_support.obj
 0002:000002e0       __castguard_check_failure_os_handled_fptr 000000014000f2e0     LIBCMT:guard_support.obj
 0002:000002e8       __xc_a                     000000014000f2e8     LIBCMT:initializers.obj
 0002:000002f8       __xc_z                     000000014000f2f8     LIBCMT:initializers.obj
 0002:00000300       __xi_a                     000000014000f300     LIBCMT:initializers.obj
 0002:00000318       __acrt_tran_fma3_initializer 000000014000f318     libucrt:fma3_initializer.obj
 0002:00000320       __acrt_multibyte_initializer 000000014000f320     libucrt:multibyte_initializer.obj
 0002:00000328       __acrt_fmode_initializer   000000014000f328     libucrt:fmode_initializer.obj
 0002:00000330       __acrt_stdio_initializer   000000014000f330     libucrt:stdio_initializer.obj
 0002:00000338       __xi_z                     000000014000f338     LIBCMT:initializers.obj
 0002:00000340       __xp_a                     000000014000f340     LIBCMT:initializers.obj
 0002:00000348       __acrt_locale_terminator   000000014000f348     libucrt:locale_initializer.obj
 0002:00000350       __dcrt_console_output_terminator 000000014000f350     libucrt:console_output_initializer.obj
 0002:00000358       __acrt_stdio_terminator    000000014000f358     libucrt:stdio_initializer.obj
 0002:00000360       __xp_z                     000000014000f360     LIBCMT:initializers.obj
 0002:00000368       __xt_a                     000000014000f368     LIBCMT:initializers.obj
 0002:00000370       __xt_z                     000000014000f370     LIBCMT:initializers.obj
 0002:00000510       __real@40800000            000000014000f510     win32_handmade.obj
 0002:00000518       __real@408f400000000000    000000014000f518     win32_handmade.obj
 0002:00000520       __real@40c90fdb            000000014000f520     win32_handmade.obj
 0002:00000528       __real@412e848000000000    000000014000f528     win32_handmade.obj
 0002:00000530       __real@43000000            000000014000f530     win32_handmade.obj
 0002:00000534       __real@46fffe00            000000014000f534     win32_handmade.obj
 0002:00000538       __real@47000000            000000014000f538     win32_handmade.obj
 0002:0000053c       __real@c7000000            000000014000f53c     win32_handmade.obj
 0002:00000550       __xmm@ffffffffffffffffffffffffffffffff 000000014000f550     LIBCMT:utility.obj
 0002:00000560       _pDestructExceptionObject  000000014000f560     libvcruntime:ehhelpers.obj
 0002:00000c80       ??_C@_08EHJDFFNH@__based?$CI@ 000000014000fc80     libvcruntime:undname.obj
 0002:00000c90       ??_C@_07KOLFKCDI@__cdecl@  000000014000fc90     libvcruntime:undname.obj
 0002:00000c98       ??_C@_08GHMPAG@__pascal@   000000014000fc98     libvcruntime:undname.obj
 0002:00000ca8       ??_C@_09IFJBGAPI@__stdcall@ 000000014000fca8     libvcruntime:undname.obj
 0002:00000cb8       ??_C@_0L@NPHFGOKO@__thiscall@ 000000014000fcb8     libvcruntime:undname.obj
 0002:00000cc8       ??_C@_0L@JMKHOMEK@__fastcall@ 000000014000fcc8     libvcruntime:undname.obj
 0002:00000cd8       ??_C@_0N@BCKKPABJ@__vectorcall@ 000000014000fcd8     libvcruntime:undname.obj
 0002:00000ce8       ??_C@_09HIJEGCPM@__clrcall@ 000000014000fce8     libvcruntime:undname.obj
 0002:00000cf4       ??_C@_06GHPCKEAG@__eabi@   000000014000fcf4     libvcruntime:undname.obj
 0002:00000d00       ??_C@_09IOPIDJLG@__swift_1@ 000000014000fd00     libvcruntime:undname.obj
 0002:00000d10       ??_C@_09KFNFGKHF@__swift_2@ 000000014000fd10     libvcruntime:undname.obj
 0002:00000d20       ??_C@_09LMMOFLDE@__swift_3@ 000000014000fd20     libvcruntime:undname.obj
 0002:00000d30       ??_C@_07JOMMBBKO@__ptr64@  000000014000fd30     libvcruntime:undname.obj
 0002:00000d38       ??_C@_0L@PILCLIHE@__restrict@ 000000014000fd38     libvcruntime:undname.obj
 0002:00000d48       ??_C@_0M@GFIIJFMG@__unaligned@ 000000014000fd48     libvcruntime:undname.obj
 0002:00000d58       ??_C@_09DHDLOLLB@restrict?$CI@ 000000014000fd58     libvcruntime:undname.obj
 0002:00000d62       ??_C@_00CNPNBAHC@@         000000014000fd62     libvcruntime:undname.obj
 0002:00000d64       ??_C@_04NIHEBCM@?5new@     000000014000fd64     libvcruntime:undname.obj
 0002:00000d70       ??_C@_07FPCDHGMM@?5delete@ 000000014000fd70     libvcruntime:undname.obj
 0002:00000d78       ??_C@_01NEMOKFLO@?$DN@     000000014000fd78     libvcruntime:undname.obj
 0002:00000d7c       ??_C@_02GPIOPFAK@?$DO?$DO@ 000000014000fd7c     libvcruntime:undname.obj
 0002:00000d80       ??_C@_02FODMEDOG@?$DM?$DM@ 000000014000fd80     libvcruntime:undname.obj
 0002:00000d84       ??_C@_01DCLJPIOD@?$CB@     000000014000fd84     libvcruntime:undname.obj
 0002:00000d88       ??_C@_02EGOFBIJA@?$DN?$DN@ 000000014000fd88     libvcruntime:undname.obj
 0002:00000d8c       ??_C@_02FDNJECIE@?$CB?$DN@ 000000014000fd8c     libvcruntime:undname.obj
 0002:00000d90       ??_C@_02GPECMEKF@?$FL?$FN@ 000000014000fd90     libvcruntime:undname.obj
 0002:00000d98       ??_C@_08LHJFAFGD@operator@ 000000014000fd98     libvcruntime:undname.obj
 0002:00000da4       ??_C@_02HBOOOICD@?9?$DO@   000000014000fda4     libvcruntime:undname.obj
 0002:00000da8       ??_C@_01NBENCBCI@?$CK@     000000014000fda8     libvcruntime:undname.obj
 0002:00000dac       ??_C@_02ECNGHCIF@?$CL?$CL@ 000000014000fdac     libvcruntime:undname.obj
 0002:00000db0       ??_C@_02BAABKJLB@?9?9@     000000014000fdb0     libvcruntime:undname.obj
 0002:00000db4       ??_C@_01JOAMLHOP@?9@       000000014000fdb4     libvcruntime:undname.obj
 0002:00000db8       ??_C@_01MIFGBAGJ@?$CL@     000000014000fdb8     libvcruntime:undname.obj
 0002:00000dbc       ??_C@_01HNPIGOCE@?$CG@     000000014000fdbc     libvcruntime:undname.obj
 0002:00000dc0       ??_C@_03MNHNFDLC@?9?$DO?$CK@ 000000014000fdc0     libvcruntime:undname.obj
 0002:00000dc4       ??_C@_01KMDKNFGN@?1@       000000014000fdc4     libvcruntime:undname.obj
 0002:00000dc8       ??_C@_01FGNFDNOH@?$CF@     000000014000fdc8     libvcruntime:undname.obj
 0002:00000dcc       ??_C@_01MNNFJEPP@?$DM@     000000014000fdcc     libvcruntime:undname.obj
 0002:00000dd0       ??_C@_02EHCHHCKH@?$DM?$DN@ 000000014000fdd0     libvcruntime:undname.obj
 0002:00000dd4       ??_C@_01PPODPGHN@?$DO@     000000014000fdd4     libvcruntime:undname.obj
 0002:00000dd8       ??_C@_02EEKDKGMJ@?$DO?$DN@ 000000014000fdd8     libvcruntime:undname.obj
 0002:00000ddc       ??_C@_01IHBHIGKO@?0@       000000014000fddc     libvcruntime:undname.obj
 0002:00000de0       ??_C@_02HCKGKOFO@?$CI?$CJ@ 000000014000fde0     libvcruntime:undname.obj
 0002:00000de4       ??_C@_01PJKLJHI@?$HO@      000000014000fde4     libvcruntime:undname.obj
 0002:00000de8       ??_C@_01JKBOJNNK@?$FO@     000000014000fde8     libvcruntime:undname.obj
 0002:00000dec       ??_C@_01DNKMNLPK@?$HM@     000000014000fdec     libvcruntime:undname.obj
 0002:00000df0       ??_C@_02PPKAJPJL@?$CG?$CG@ 000000014000fdf0     libvcruntime:undname.obj
 0002:00000df4       ??_C@_02NONPIBCD@?$HM?$HM@ 000000014000fdf4     libvcruntime:undname.obj
 0002:00000df8       ??_C@_02FPIMKNGF@?$CK?$DN@ 000000014000fdf8     libvcruntime:undname.obj
 0002:00000dfc       ??_C@_02FOEOMHFC@?$CL?$DN@ 000000014000fdfc     libvcruntime:undname.obj
 0002:00000e00       ??_C@_02FKMDLLOA@?9?$DN@   000000014000fe00     libvcruntime:undname.obj
 0002:00000e04       ??_C@_02FJEHGPIO@?1?$DN@   000000014000fe04     libvcruntime:undname.obj
 0002:00000e08       ??_C@_02FENAOKFI@?$CF?$DN@ 000000014000fe08     libvcruntime:undname.obj
 0002:00000e0c       ??_C@_03IKFCCPFF@?$DO?$DO?$DN@ 000000014000fe0c     libvcruntime:undname.obj
 0002:00000e10       ??_C@_03CDNPDDLA@?$DM?$DM?$DN@ 000000014000fe10     libvcruntime:undname.obj
 0002:00000e14       ??_C@_02FGJGFEAB@?$CG?$DN@ 000000014000fe14     libvcruntime:undname.obj
 0002:00000e18       ??_C@_02DHLNPPGH@?$HM?$DN@ 000000014000fe18     libvcruntime:undname.obj
 0002:00000e1c       ??_C@_02MHEGNOJ@?$FO?$DN@  000000014000fe1c     libvcruntime:undname.obj
 0002:00000e20       ??_C@_09IFPLHPGF@?$GAvftable?8@ 000000014000fe20     libvcruntime:undname.obj
 0002:00000e30       ??_C@_09BLBHBJP@?$GAvbtable?8@ 000000014000fe30     libvcruntime:undname.obj
 0002:00000e40       ??_C@_07FEEIOKP@?$GAvcall?8@ 000000014000fe40     libvcruntime:undname.obj
 0002:00000e48       ??_C@_08LLFFHHDJ@?$GAtypeof?8@ 000000014000fe48     libvcruntime:undname.obj
 0002:00000e58       ??_C@_0BF@KDPPACIK@?$GAlocal?5static?5guard?8@ 000000014000fe58     libvcruntime:undname.obj
 0002:00000e70       ??_C@_08OBABFOLI@?$GAstring?8@ 000000014000fe70     libvcruntime:undname.obj
 0002:00000e80       ??_C@_0BD@JDLKDPAB@?$GAvbase?5destructor?8@ 000000014000fe80     libvcruntime:undname.obj
 0002:00000e98       ??_C@_0BN@DEGPLNFK@?$GAvector?5deleting?5destructor?8@ 000000014000fe98     libvcruntime:undname.obj
 0002:00000eb8       ??_C@_0BO@OBMKPJIG@?$GAdefault?5constructor?5closure?8@ 000000014000feb8     libvcruntime:undname.obj
 0002:00000ed8       ??_C@_0BN@IMDCHIKM@?$GAscalar?5deleting?5destructor?8@ 000000014000fed8     libvcruntime:undname.obj
 0002:00000ef8       ??_C@_0BO@PFGOCPJJ@?$GAvector?5constructor?5iterator?8@ 000000014000fef8     libvcruntime:undname.obj
 0002:00000f18       ??_C@_0BN@LFPFMEDL@?$GAvector?5destructor?5iterator?8@ 000000014000ff18     libvcruntime:undname.obj
 0002:00000f38       ??_C@_0CE@IKBNEHA@?$GAvector?5vbase?5constructor?5itera@ 000000014000ff38     libvcruntime:undname.obj
 0002:00000f60       ??_C@_0BL@NILFHHPC@?$GAvirtual?5displacement?5map?8@ 000000014000ff60     libvcruntime:undname.obj
 0002:00000f80       ??_C@_0CB@JONCMFFK@?$GAeh?5vector?5constructor?5iterator@ 000000014000ff80     libvcruntime:undname.obj
 0002:00000fa8       ??_C@_0CA@GCEOPDGL@?$GAeh?5vector?5destructor?5iterator?8@ 000000014000ffa8     libvcruntime:undname.obj
 0002:00000fc8       ??_C@_0CH@OOJPLCPH@?$GAeh?5vector?5vbase?5constructor?5it@ 000000014000ffc8     libvcruntime:undname.obj
 0002:00000ff0       ??_C@_0BL@LLKPOHJI@?$GAcopy?5constructor?5closure?8@ 000000014000fff0     libvcruntime:undname.obj
 0002:00001010       ??_C@_0BA@KBCDOMBN@?$GAudt?5returning?8@ 0000000140010010     libvcruntime:undname.obj
 0002:00001020       ??_C@_03KLGMFNMG@?$GAEH@   0000000140010020     libvcruntime:undname.obj
 0002:00001024       ??_C@_05KHLCHHI@?$GARTTI@  0000000140010024     libvcruntime:undname.obj
 0002:00001030       ??_C@_0BA@KKLDJDLB@?$GAlocal?5vftable?8@ 0000000140010030     libvcruntime:undname.obj
 0002:00001040       ??_C@_0CE@IIHCMGGL@?$GAlocal?5vftable?5constructor?5clos@ 0000000140010040     libvcruntime:undname.obj
 0002:00001064       ??_C@_06FHBGPFGH@?5new?$FL?$FN@ 0000000140010064     libvcruntime:undname.obj
 0002:00001070       ??_C@_09LBNFPBCA@?5delete?$FL?$FN@ 0000000140010070     libvcruntime:undname.obj
 0002:00001080       ??_C@_0P@HJKNJFNN@?$GAomni?5callsig?8@ 0000000140010080     libvcruntime:undname.obj
 0002:00001090       ??_C@_0BL@CNOONJFP@?$GAplacement?5delete?5closure?8@ 0000000140010090     libvcruntime:undname.obj
 0002:000010b0       ??_C@_0BN@CKNJLHMB@?$GAplacement?5delete?$FL?$FN?5closure?8@ 00000001400100b0     libvcruntime:undname.obj
 0002:000010d0       ??_C@_0CG@CFDHKGGD@?$GAmanaged?5vector?5constructor?5ite@ 00000001400100d0     libvcruntime:undname.obj
 0002:000010f8       ??_C@_0CF@IMGKMJNO@?$GAmanaged?5vector?5destructor?5iter@ 00000001400100f8     libvcruntime:undname.obj
 0002:00001120       ??_C@_0CG@HLDDJMAG@?$GAeh?5vector?5copy?5constructor?5ite@ 0000000140010120     libvcruntime:undname.obj
 0002:00001148       ??_C@_0CM@FCBBDIGB@?$GAeh?5vector?5vbase?5copy?5construct@ 0000000140010148     libvcruntime:undname.obj
 0002:00001178       ??_C@_0BL@CLIPGLGB@?$GAdynamic?5initializer?5for?5?8@ 0000000140010178     libvcruntime:undname.obj
 0002:00001198       ??_C@_0CB@PDBIFEP@?$GAdynamic?5atexit?5destructor?5for?5@ 0000000140010198     libvcruntime:undname.obj
 0002:000011c0       ??_C@_0CD@CGAJBKEJ@?$GAvector?5copy?5constructor?5iterat@ 00000001400101c0     libvcruntime:undname.obj
 0002:000011e8       ??_C@_0CJ@GJELGAMM@?$GAvector?5vbase?5copy?5constructor?5@ 00000001400101e8     libvcruntime:undname.obj
 0002:00001218       ??_C@_0CL@FGIJHLCE@?$GAmanaged?5vector?5copy?5constructo@ 0000000140010218     libvcruntime:undname.obj
 0002:00001248       ??_C@_0BM@PMGGMLDN@?$GAlocal?5static?5thread?5guard?8@ 0000000140010248     libvcruntime:undname.obj
 0002:00001268       ??_C@_0N@BDNMDMOL@operator?5?$CC?$CC?5@ 0000000140010268     libvcruntime:undname.obj
 0002:00001278       ??_C@_0BC@GGEBGALA@operator?5co_await@ 0000000140010278     libvcruntime:undname.obj
 0002:00001290       ??_C@_0M@GAAIMMOH@operator?$DM?$DN?$DO@ 0000000140010290     libvcruntime:undname.obj
 0002:000012a0       ??_C@_0BC@DAFEJGAK@?5Type?5Descriptor?8@ 00000001400102a0     libvcruntime:undname.obj
 0002:000012b8       ??_C@_0BM@LDKODKLH@?5Base?5Class?5Descriptor?5at?5?$CI@ 00000001400102b8     libvcruntime:undname.obj
 0002:000012d8       ??_C@_0BD@LGICGFMM@?5Base?5Class?5Array?8@ 00000001400102d8     libvcruntime:undname.obj
 0002:000012f0       ??_C@_0BN@MECKDCOJ@?5Class?5Hierarchy?5Descriptor?8@ 00000001400102f0     libvcruntime:undname.obj
 0002:00001310       ??_C@_0BK@CFCOFLF@?5Complete?5Object?5Locator?8@ 0000000140010310     libvcruntime:undname.obj
 0002:00001330       ??_C@_0BG@JNJLAMPM@?$GAanonymous?5namespace?8@ 0000000140010330     libvcruntime:undname.obj
 0002:00001360       ??_C@_1DM@KHCHBNEB@?$AAa?$AAp?$AAi?$AA?9?$AAm?$AAs?$AA?9?$AAw?$AAi?$AAn?$AA?9?$AAc?$AAo?$AAr?$AAe@ 0000000140010360     libvcruntime:winapi_downlevel.obj
 0002:000013a0       ??_C@_1DK@LPPGFMPP@?$AAa?$AAp?$AAi?$AA?9?$AAm?$AAs?$AA?9?$AAw?$AAi?$AAn?$AA?9?$AAc?$AAo?$AAr?$AAe@ 00000001400103a0     libvcruntime:winapi_downlevel.obj
 0002:000013e0       ??_C@_1BC@GDMECMAK@?$AAk?$AAe?$AAr?$AAn?$AAe?$AAl?$AA3?$AA2@ 00000001400103e0     libvcruntime:winapi_downlevel.obj
 0002:000013f8       ??_C@_1BA@PFFKHIOG@?$AAa?$AAp?$AAi?$AA?9?$AAm?$AAs?$AA?9@ 00000001400103f8     libvcruntime:winapi_downlevel.obj
 0002:00001410       ??_C@_08KNHFBNJ@FlsAlloc@  0000000140010410     libvcruntime:winapi_downlevel.obj
 0002:00001428       ??_C@_07PEJMOBNF@FlsFree@  0000000140010428     libvcruntime:winapi_downlevel.obj
 0002:00001438       ??_C@_0M@GDNOONDI@FlsGetValue@ 0000000140010438     libvcruntime:winapi_downlevel.obj
 0002:00001450       ??_C@_0M@JCPCPOEF@FlsSetValue@ 0000000140010450     libvcruntime:winapi_downlevel.obj
 0002:00001468       ??_C@_0BM@HCFOFFN@InitializeCriticalSectionEx@ 0000000140010468     libvcruntime:winapi_downlevel.obj
 0002:000015c0       __acrt_exception_action_table 00000001400105c0     libucrt:exception_filter.obj
 0002:00001680       __acrt_signal_action_table_count 0000000140010680     libucrt:exception_filter.obj
 0002:00001688       __acrt_signal_action_first_fpe_index 0000000140010688     libucrt:exception_filter.obj
 0002:00001690       __acrt_signal_action_fpe_count 0000000140010690     libucrt:exception_filter.obj
 0002:00001698       ??_C@_1BI@BGOHAHKC@?$AAm?$AAs?$AAc?$AAo?$AAr?$AAe?$AAe?$AA?4?$AAd?$AAl?$AAl@ 0000000140010698     libucrt:exit.obj
 0002:000016b0       ??_C@_0P@MIGLKIOC@CorExitProcess@ 00000001400106b0     libucrt:exit.obj
 0002:000017c0       __Lcosfarray               00000001400107c0     libucrt:lsincosf_array.obj
 0002:000017f0       __Lsinfarray               00000001400107f0     libucrt:lsincosf_array.obj
 0002:00001810       __L_2_by_pi_bits           0000000140010810     libucrt:l2_by_pi_bits.obj
 0002:00001960       ??_C@_04LAGPAAHP@sinf@     0000000140010960     libucrt:sincos_special.obj
 0002:00001af8       ??_C@_1M@HPNHIDJI@?$AAj?$AAa?$AA?9?$AAJ?$AAP@ 0000000140010af8     libucrt:mbctype.obj
 0002:00001b08       ??_C@_1M@BIBDDEMK@?$AAz?$AAh?$AA?9?$AAC?$AAN@ 0000000140010b08     libucrt:mbctype.obj
 0002:00001b18       ??_C@_1M@JLOOOEGK@?$AAk?$AAo?$AA?9?$AAK?$AAR@ 0000000140010b18     libucrt:mbctype.obj
 0002:00001b28       ??_C@_1M@CLNBBOPM@?$AAz?$AAh?$AA?9?$AAT?$AAW@ 0000000140010b28     libucrt:mbctype.obj
 0002:00001b40       __lc_time_c                0000000140010b40     libucrt:nlsdata.obj
 0002:00001e00       ??_C@_03KOEHGMDN@Sun@      0000000140010e00     libucrt:nlsdata.obj
 0002:00001e04       ??_C@_03PDAGKDH@Mon@       0000000140010e04     libucrt:nlsdata.obj
 0002:00001e08       ??_C@_03NAGEINEP@Tue@      0000000140010e08     libucrt:nlsdata.obj
 0002:00001e0c       ??_C@_03MHOMLAJA@Wed@      0000000140010e0c     libucrt:nlsdata.obj
 0002:00001e10       ??_C@_03IOFIKPDN@Thu@      0000000140010e10     libucrt:nlsdata.obj
 0002:00001e14       ??_C@_03IDIOELNC@Fri@      0000000140010e14     libucrt:nlsdata.obj
 0002:00001e18       ??_C@_03FEFJNEK@Sat@       0000000140010e18     libucrt:nlsdata.obj
 0002:00001e1c       ??_C@_06OOPIFAJ@Sunday@    0000000140010e1c     libucrt:nlsdata.obj
 0002:00001e24       ??_C@_06JLEDEDGH@Monday@   0000000140010e24     libucrt:nlsdata.obj
 0002:00001e30       ??_C@_07BAAGCFCM@Tuesday@  0000000140010e30     libucrt:nlsdata.obj
 0002:00001e38       ??_C@_09DLIGFAKA@Wednesday@ 0000000140010e38     libucrt:nlsdata.obj
 0002:00001e48       ??_C@_08HACCIKIA@Thursday@ 0000000140010e48     libucrt:nlsdata.obj
 0002:00001e54       ??_C@_06JECMNKMI@Friday@   0000000140010e54     libucrt:nlsdata.obj
 0002:00001e60       ??_C@_08INBOOONO@Saturday@ 0000000140010e60     libucrt:nlsdata.obj
 0002:00001e6c       ??_C@_03JIHJHPIE@Jan@      0000000140010e6c     libucrt:nlsdata.obj
 0002:00001e70       ??_C@_03HJBDCHOM@Feb@      0000000140010e70     libucrt:nlsdata.obj
 0002:00001e74       ??_C@_03ODNJBKGA@Mar@      0000000140010e74     libucrt:nlsdata.obj
 0002:00001e78       ??_C@_03LEOLGMJP@Apr@      0000000140010e78     libucrt:nlsdata.obj
 0002:00001e7c       ??_C@_03CNMDKL@May@        0000000140010e7c     libucrt:nlsdata.obj
 0002:00001e80       ??_C@_03IDFGHECI@Jun@      0000000140010e80     libucrt:nlsdata.obj
 0002:00001e84       ??_C@_03LBGABGKK@Jul@      0000000140010e84     libucrt:nlsdata.obj
 0002:00001e88       ??_C@_03IFJFEIGA@Aug@      0000000140010e88     libucrt:nlsdata.obj
 0002:00001e8c       ??_C@_03GGCAPAJC@Sep@      0000000140010e8c     libucrt:nlsdata.obj
 0002:00001e90       ??_C@_03BMAOKBAD@Oct@      0000000140010e90     libucrt:nlsdata.obj
 0002:00001e94       ??_C@_03JPJOFNIA@Nov@      0000000140010e94     libucrt:nlsdata.obj
 0002:00001e98       ??_C@_03MKABNOCG@Dec@      0000000140010e98     libucrt:nlsdata.obj
 0002:00001ea0       ??_C@_07CGJPFGJA@January@  0000000140010ea0     libucrt:nlsdata.obj
 0002:00001ea8       ??_C@_08GNJGEPFN@February@ 0000000140010ea8     libucrt:nlsdata.obj
 0002:00001eb4       ??_C@_05HPCKOFNC@March@    0000000140010eb4     libucrt:nlsdata.obj
 0002:00001ebc       ??_C@_05DMJDNLEJ@April@    0000000140010ebc     libucrt:nlsdata.obj
 0002:00001ec4       ??_C@_04CNLMGBGM@June@     0000000140010ec4     libucrt:nlsdata.obj
 0002:00001ecc       ??_C@_04MIEPOIFP@July@     0000000140010ecc     libucrt:nlsdata.obj
 0002:00001ed4       ??_C@_06LBBHFDDG@August@   0000000140010ed4     libucrt:nlsdata.obj
 0002:00001ee0       ??_C@_09BHHEALKD@September@ 0000000140010ee0     libucrt:nlsdata.obj
 0002:00001ef0       ??_C@_07JJNFCEND@October@  0000000140010ef0     libucrt:nlsdata.obj
 0002:00001ef8       ??_C@_08HCHEGEOA@November@ 0000000140010ef8     libucrt:nlsdata.obj
 0002:00001f08       ??_C@_08EDHMEBNP@December@ 0000000140010f08     libucrt:nlsdata.obj
 0002:00001f14       ??_C@_02DEDBPAFC@AM@       0000000140010f14     libucrt:nlsdata.obj
 0002:00001f18       ??_C@_02CJNFDJBF@PM@       0000000140010f18     libucrt:nlsdata.obj
 0002:00001f20       ??_C@_08BPBNCDIB@MM?1dd?1yy@ 0000000140010f20     libucrt:nlsdata.obj
 0002:00001f30       ??_C@_0BE@CKGJFCPC@dddd?0?5MMMM?5dd?0?5yyyy@ 0000000140010f30     libucrt:nlsdata.obj
 0002:00001f48       ??_C@_08JCCMCCIL@HH?3mm?3ss@ 0000000140010f48     libucrt:nlsdata.obj
 0002:00001f58       ??_C@_17MBGCMIPB@?$AAS?$AAu?$AAn@ 0000000140010f58     libucrt:nlsdata.obj
 0002:00001f60       ??_C@_17KBOMKBF@?$AAM?$AAo?$AAn@ 0000000140010f60     libucrt:nlsdata.obj
 0002:00001f68       ??_C@_17BMKGEGOJ@?$AAT?$AAu?$AAe@ 0000000140010f68     libucrt:nlsdata.obj
 0002:00001f70       ??_C@_17CJEDCEPE@?$AAW?$AAe?$AAd@ 0000000140010f70     libucrt:nlsdata.obj
 0002:00001f78       ??_C@_17PDPHAADD@?$AAT?$AAh?$AAu@ 0000000140010f78     libucrt:nlsdata.obj
 0002:00001f80       ??_C@_17HFOLPPLP@?$AAF?$AAr?$AAi@ 0000000140010f80     libucrt:nlsdata.obj
 0002:00001f88       ??_C@_17GGIBDPIH@?$AAS?$AAa?$AAt@ 0000000140010f88     libucrt:nlsdata.obj
 0002:00001f90       ??_C@_1O@IHNHDHPB@?$AAS?$AAu?$AAn?$AAd?$AAa?$AAy@ 0000000140010f90     libucrt:nlsdata.obj
 0002:00001fa0       ??_C@_1O@MMNBFLIA@?$AAM?$AAo?$AAn?$AAd?$AAa?$AAy@ 0000000140010fa0     libucrt:nlsdata.obj
 0002:00001fb0       ??_C@_1BA@ENFBFFEK@?$AAT?$AAu?$AAe?$AAs?$AAd?$AAa?$AAy@ 0000000140010fb0     libucrt:nlsdata.obj
 0002:00001fc0       ??_C@_1BE@EBOGMDOH@?$AAW?$AAe?$AAd?$AAn?$AAe?$AAs?$AAd?$AAa?$AAy@ 0000000140010fc0     libucrt:nlsdata.obj
 0002:00001fd8       ??_C@_1BC@HHMNLIHE@?$AAT?$AAh?$AAu?$AAr?$AAs?$AAd?$AAa?$AAy@ 0000000140010fd8     libucrt:nlsdata.obj
 0002:00001ff0       ??_C@_1O@PDICJHAG@?$AAF?$AAr?$AAi?$AAd?$AAa?$AAy@ 0000000140010ff0     libucrt:nlsdata.obj
 0002:00002000       ??_C@_1BC@ENMNNPAJ@?$AAS?$AAa?$AAt?$AAu?$AAr?$AAd?$AAa?$AAy@ 0000000140011000     libucrt:nlsdata.obj
 0002:00002018       ??_C@_17DKNBKCHM@?$AAJ?$AAa?$AAn@ 0000000140011018     libucrt:nlsdata.obj
 0002:00002020       ??_C@_17LMDJEKJN@?$AAF?$AAe?$AAb@ 0000000140011020     libucrt:nlsdata.obj
 0002:00002028       ??_C@_17CKNLEDEC@?$AAM?$AAa?$AAr@ 0000000140011028     libucrt:nlsdata.obj
 0002:00002030       ??_C@_17LFPOIHDD@?$AAA?$AAp?$AAr@ 0000000140011030     libucrt:nlsdata.obj
 0002:00002038       ??_C@_17PNNKMEED@?$AAM?$AAa?$AAy@ 0000000140011038     libucrt:nlsdata.obj
 0002:00002040       ??_C@_17KCJGOCPB@?$AAJ?$AAu?$AAn@ 0000000140011040     libucrt:nlsdata.obj
 0002:00002048       ??_C@_17IJPCKHK@?$AAJ?$AAu?$AAl@ 0000000140011048     libucrt:nlsdata.obj
 0002:00002050       ??_C@_17ICPELBCN@?$AAA?$AAu?$AAg@ 0000000140011050     libucrt:nlsdata.obj
 0002:00002058       ??_C@_17HCHCOKMG@?$AAS?$AAe?$AAp@ 0000000140011058     libucrt:nlsdata.obj
 0002:00002060       ??_C@_17FNLKOI@?$AAO?$AAc?$AAt@ 0000000140011060     libucrt:nlsdata.obj
 0002:00002068       ??_C@_17BBDMLCIG@?$AAN?$AAo?$AAv@ 0000000140011068     libucrt:nlsdata.obj
 0002:00002070       ??_C@_17EGKACKIF@?$AAD?$AAe?$AAc@ 0000000140011070     libucrt:nlsdata.obj
 0002:00002078       ??_C@_1BA@EFMEIEBA@?$AAJ?$AAa?$AAn?$AAu?$AAa?$AAr?$AAy@ 0000000140011078     libucrt:nlsdata.obj
 0002:00002088       ??_C@_1BC@JGDDFFAM@?$AAF?$AAe?$AAb?$AAr?$AAu?$AAa?$AAr?$AAy@ 0000000140011088     libucrt:nlsdata.obj
 0002:000020a0       ??_C@_1M@IKEENEDF@?$AAM?$AAa?$AAr?$AAc?$AAh@ 00000001400110a0     libucrt:nlsdata.obj
 0002:000020b0       ??_C@_1M@GJNLMHFD@?$AAA?$AAp?$AAr?$AAi?$AAl@ 00000001400110b0     libucrt:nlsdata.obj
 0002:000020c0       ??_C@_19EPFLPGAP@?$AAJ?$AAu?$AAn?$AAe@ 00000001400110c0     libucrt:nlsdata.obj
 0002:000020d0       ??_C@_19BIFMLPCD@?$AAJ?$AAu?$AAl?$AAy@ 00000001400110d0     libucrt:nlsdata.obj
 0002:000020e0       ??_C@_1O@PAHLKOAC@?$AAA?$AAu?$AAg?$AAu?$AAs?$AAt@ 00000001400110e0     libucrt:nlsdata.obj
 0002:000020f0       ??_C@_1BE@DKAAMBJL@?$AAS?$AAe?$AAp?$AAt?$AAe?$AAm?$AAb?$AAe?$AAr@ 00000001400110f0     libucrt:nlsdata.obj
 0002:00002108       ??_C@_1BA@EPANDLNG@?$AAO?$AAc?$AAt?$AAo?$AAb?$AAe?$AAr@ 0000000140011108     libucrt:nlsdata.obj
 0002:00002118       ??_C@_1BC@BGLIFPF@?$AAN?$AAo?$AAv?$AAe?$AAm?$AAb?$AAe?$AAr@ 0000000140011118     libucrt:nlsdata.obj
 0002:00002130       ??_C@_1BC@FEMKIFH@?$AAD?$AAe?$AAc?$AAe?$AAm?$AAb?$AAe?$AAr@ 0000000140011130     libucrt:nlsdata.obj
 0002:00002144       ??_C@_15ODEHAHHF@?$AAA?$AAM@ 0000000140011144     libucrt:nlsdata.obj
 0002:0000214c       ??_C@_15CLMNNGEL@?$AAP?$AAM@ 000000014001114c     libucrt:nlsdata.obj
 0002:00002158       ??_C@_1BC@IEBCMHCM@?$AAM?$AAM?$AA?1?$AAd?$AAd?$AA?1?$AAy?$AAy@ 0000000140011158     libucrt:nlsdata.obj
 0002:00002170       ??_C@_1CI@KNAKOEBC@?$AAd?$AAd?$AAd?$AAd?$AA?0?$AA?5?$AAM?$AAM?$AAM?$AAM?$AA?5?$AAd?$AAd?$AA?0?$AA?5@ 0000000140011170     libucrt:nlsdata.obj
 0002:00002198       ??_C@_1BC@GDGBMEMK@?$AAH?$AAH?$AA?3?$AAm?$AAm?$AA?3?$AAs?$AAs@ 0000000140011198     libucrt:nlsdata.obj
 0002:000021b0       ??_C@_1M@BMHNFIME@?$AAe?$AAn?$AA?9?$AAU?$AAS@ 00000001400111b0     libucrt:nlsdata.obj
 0002:000021c0       __newctype                 00000001400111c0     libucrt:ctype.obj
 0002:000024c0       __newclmap                 00000001400114c0     libucrt:ctype.obj
 0002:00002640       __newcumap                 0000000140011640     libucrt:ctype.obj
 0002:000027c0       ??_C@_15PJPFLCCM@?$AAu?$AAk@ 00000001400117c0     libucrt:get_qualified_locale.obj
 0002:00002870       ??_C@_1EA@JGEFHKEI@?$AAa?$AAp?$AAi?$AA?9?$AAm?$AAs?$AA?9?$AAw?$AAi?$AAn?$AA?9?$AAc?$AAo?$AAr?$AAe@ 0000000140011870     libucrt:winapi_thunks.obj
 0002:000028b0       ??_C@_1DI@IJCEHOCB@?$AAa?$AAp?$AAi?$AA?9?$AAm?$AAs?$AA?9?$AAw?$AAi?$AAn?$AA?9?$AAc?$AAo?$AAr?$AAe@ 00000001400118b0     libucrt:winapi_thunks.obj
 0002:000028f0       ??_C@_1EI@MPIAOHOC@?$AAa?$AAp?$AAi?$AA?9?$AAm?$AAs?$AA?9?$AAw?$AAi?$AAn?$AA?9?$AAc?$AAo?$AAr?$AAe@ 00000001400118f0     libucrt:winapi_thunks.obj
 0002:00002940       ??_C@_1FK@FPHCKFIE@?$AAa?$AAp?$AAi?$AA?9?$AAm?$AAs?$AA?9?$AAw?$AAi?$AAn?$AA?9?$AAc?$AAo?$AAr?$AAe@ 0000000140011940     libucrt:winapi_thunks.obj
 0002:000029a0       ??_C@_1EM@DILCGIIO@?$AAa?$AAp?$AAi?$AA?9?$AAm?$AAs?$AA?9?$AAw?$AAi?$AAn?$AA?9?$AAc?$AAo?$AAr?$AAe@ 00000001400119a0     libucrt:winapi_thunks.obj
 0002:000029f0       ??_C@_1DM@LNCGDDPN@?$AAa?$AAp?$AAi?$AA?9?$AAm?$AAs?$AA?9?$AAw?$AAi?$AAn?$AA?9?$AAc?$AAo?$AAr?$AAe@ 00000001400119f0     libucrt:winapi_thunks.obj
 0002:00002a30       ??_C@_1DO@FPAPJEMD@?$AAa?$AAp?$AAi?$AA?9?$AAm?$AAs?$AA?9?$AAw?$AAi?$AAn?$AA?9?$AAc?$AAo?$AAr?$AAe@ 0000000140011a30     libucrt:winapi_thunks.obj
 0002:00002a70       ??_C@_1DK@NDHNAHIO@?$AAa?$AAp?$AAi?$AA?9?$AAm?$AAs?$AA?9?$AAw?$AAi?$AAn?$AA?9?$AAc?$AAo?$AAr?$AAe@ 0000000140011a70     libucrt:winapi_thunks.obj
 0002:00002ab0       ??_C@_1DM@KGHDGBCM@?$AAa?$AAp?$AAi?$AA?9?$AAm?$AAs?$AA?9?$AAw?$AAi?$AAn?$AA?9?$AAc?$AAo?$AAr?$AAe@ 0000000140011ab0     libucrt:winapi_thunks.obj
 0002:00002af0       ??_C@_1EO@IJIOEFOH@?$AAa?$AAp?$AAi?$AA?9?$AAm?$AAs?$AA?9?$AAw?$AAi?$AAn?$AA?9?$AAr?$AAt?$AAc?$AAo@ 0000000140011af0     libucrt:winapi_thunks.obj
 0002:00002b40       ??_C@_1FG@HHGEKANL@?$AAa?$AAp?$AAi?$AA?9?$AAm?$AAs?$AA?9?$AAw?$AAi?$AAn?$AA?9?$AAs?$AAe?$AAc?$AAu@ 0000000140011b40     libucrt:winapi_thunks.obj
 0002:00002ba0       ??_C@_1EG@DBIOJECG@?$AAe?$AAx?$AAt?$AA?9?$AAm?$AAs?$AA?9?$AAw?$AAi?$AAn?$AA?9?$AAn?$AAt?$AAu?$AAs@ 0000000140011ba0     libucrt:winapi_thunks.obj
 0002:00002bf0       ??_C@_1EO@FIHMJCLF@?$AAe?$AAx?$AAt?$AA?9?$AAm?$AAs?$AA?9?$AAw?$AAi?$AAn?$AA?9?$AAn?$AAt?$AAu?$AAs@ 0000000140011bf0     libucrt:winapi_thunks.obj
 0002:00002c40       ??_C@_1BC@DNHGCMLG@?$AAa?$AAd?$AAv?$AAa?$AAp?$AAi?$AA3?$AA2@ 0000000140011c40     libucrt:winapi_thunks.obj
 0002:00002c58       ??_C@_1M@OAIMIKLP@?$AAn?$AAt?$AAd?$AAl?$AAl@ 0000000140011c58     libucrt:winapi_thunks.obj
 0002:00002c70       ??_C@_1EG@DPGNFKGC@?$AAa?$AAp?$AAi?$AA?9?$AAm?$AAs?$AA?9?$AAw?$AAi?$AAn?$AA?9?$AAa?$AAp?$AAp?$AAm@ 0000000140011c70     libucrt:winapi_thunks.obj
 0002:00002cb8       ??_C@_1O@BCCLBEOE@?$AAu?$AAs?$AAe?$AAr?$AA3?$AA2@ 0000000140011cb8     libucrt:winapi_thunks.obj
 0002:00002cc8       ??_C@_1BA@IAIFMGEF@?$AAe?$AAx?$AAt?$AA?9?$AAm?$AAs?$AA?9@ 0000000140011cc8     libucrt:winapi_thunks.obj
 0002:00002ce0       ??_C@_0BA@FHFNEAED@AreFileApisANSI@ 0000000140011ce0     libucrt:winapi_thunks.obj
 0002:00002d20       ??_C@_0O@KKBNKAPF@LCMapStringEx@ 0000000140011d20     libucrt:winapi_thunks.obj
 0002:00002d38       ??_C@_0BB@HBDEELFH@LocaleNameToLCID@ 0000000140011d38     libucrt:winapi_thunks.obj
 0002:00002d50       ??_C@_0CF@OJOFEIGO@AppPolicyGetProcessTerminationM@ 0000000140011d50     libucrt:winapi_thunks.obj
 0002:00003bc0       ??_C@_15EMKDOKLE@?$AAa?$AAr@ 0000000140012bc0     libucrt:lcidtoname_downlevel.obj
 0002:00003bc8       ??_C@_15KNPADPLH@?$AAb?$AAg@ 0000000140012bc8     libucrt:lcidtoname_downlevel.obj
 0002:00003bd0       ??_C@_15EDMHLDMO@?$AAc?$AAa@ 0000000140012bd0     libucrt:lcidtoname_downlevel.obj
 0002:00003bd8       ??_C@_1O@BPEAJADD@?$AAz?$AAh?$AA?9?$AAC?$AAH?$AAS@ 0000000140012bd8     libucrt:lcidtoname_downlevel.obj
 0002:00003be8       ??_C@_15LJNHCMNK@?$AAc?$AAs@ 0000000140012be8     libucrt:lcidtoname_downlevel.obj
 0002:00003bf0       ??_C@_15FOMCIDHG@?$AAd?$AAa@ 0000000140012bf0     libucrt:lcidtoname_downlevel.obj
 0002:00003bf8       ??_C@_15NBKABECB@?$AAd?$AAe@ 0000000140012bf8     libucrt:lcidtoname_downlevel.obj
 0002:00003c00       ??_C@_15GHPEIIAO@?$AAe?$AAl@ 0000000140012c00     libucrt:lcidtoname_downlevel.obj
 0002:00003c08       ??_C@_15MNPNEAIF@?$AAe?$AAn@ 0000000140012c08     libucrt:lcidtoname_downlevel.obj
 0002:00003c10       ??_C@_15GPIOMPMH@?$AAe?$AAs@ 0000000140012c10     libucrt:lcidtoname_downlevel.obj
 0002:00003c18       ??_C@_15NGLOAKJC@?$AAf?$AAi@ 0000000140012c18     libucrt:lcidtoname_downlevel.obj
 0002:00003c20       ??_C@_15FBKGNKAM@?$AAf?$AAr@ 0000000140012c20     libucrt:lcidtoname_downlevel.obj
 0002:00003c28       ??_C@_15KGGCNEFK@?$AAh?$AAe@ 0000000140012c28     libucrt:lcidtoname_downlevel.obj
 0002:00003c30       ??_C@_15PGHLIDMF@?$AAh?$AAu@ 0000000140012c30     libucrt:lcidtoname_downlevel.obj
 0002:00003c38       ??_C@_15BIEMAPLM@?$AAi?$AAs@ 0000000140012c38     libucrt:lcidtoname_downlevel.obj
 0002:00003c40       ??_C@_15IFJLDHAF@?$AAi?$AAt@ 0000000140012c40     libucrt:lcidtoname_downlevel.obj
 0002:00003c48       ??_C@_15GEMIOCAG@?$AAj?$AAa@ 0000000140012c48     libucrt:lcidtoname_downlevel.obj
 0002:00003c50       ??_C@_15EPELEGJA@?$AAk?$AAo@ 0000000140012c50     libucrt:lcidtoname_downlevel.obj
 0002:00003c58       ??_C@_15NDDHIMN@?$AAn?$AAl@ 0000000140012c58     libucrt:lcidtoname_downlevel.obj
 0002:00003c60       ??_C@_15BPIGNHCD@?$AAn?$AAo@ 0000000140012c60     libucrt:lcidtoname_downlevel.obj
 0002:00003c68       ??_C@_15DEOPBLCG@?$AAp?$AAl@ 0000000140012c68     libucrt:lcidtoname_downlevel.obj
 0002:00003c70       ??_C@_15KBECGEFG@?$AAp?$AAt@ 0000000140012c70     libucrt:lcidtoname_downlevel.obj
 0002:00003c78       ??_C@_15GLJCBFMD@?$AAr?$AAo@ 0000000140012c78     libucrt:lcidtoname_downlevel.obj
 0002:00003c80       ??_C@_15FEDGKCDI@?$AAr?$AAu@ 0000000140012c80     libucrt:lcidtoname_downlevel.obj
 0002:00003c88       ??_C@_15GLKMLLHM@?$AAh?$AAr@ 0000000140012c88     libucrt:lcidtoname_downlevel.obj
 0002:00003c90       ??_C@_15CPKMFBDB@?$AAs?$AAk@ 0000000140012c90     libucrt:lcidtoname_downlevel.obj
 0002:00003c98       ??_C@_15BAAIOGMK@?$AAs?$AAq@ 0000000140012c98     libucrt:lcidtoname_downlevel.obj
 0002:00003ca0       ??_C@_15INNPNOHD@?$AAs?$AAv@ 0000000140012ca0     libucrt:lcidtoname_downlevel.obj
 0002:00003ca8       ??_C@_15CABMMOGH@?$AAt?$AAh@ 0000000140012ca8     libucrt:lcidtoname_downlevel.obj
 0002:00003cb0       ??_C@_15BPLIHJJM@?$AAt?$AAr@ 0000000140012cb0     libucrt:lcidtoname_downlevel.obj
 0002:00003cb8       ??_C@_15NEOEKKDJ@?$AAu?$AAr@ 0000000140012cb8     libucrt:lcidtoname_downlevel.obj
 0002:00003cc0       ??_C@_15NFICGAJK@?$AAi?$AAd@ 0000000140012cc0     libucrt:lcidtoname_downlevel.obj
 0002:00003cc8       ??_C@_15HPJPHDM@?$AAb?$AAe@ 0000000140012cc8     libucrt:lcidtoname_downlevel.obj
 0002:00003cd0       ??_C@_15LCHLGJII@?$AAs?$AAl@ 0000000140012cd0     libucrt:lcidtoname_downlevel.obj
 0002:00003cd8       ??_C@_15PCFJPHHO@?$AAe?$AAt@ 0000000140012cd8     libucrt:lcidtoname_downlevel.obj
 0002:00003ce0       ??_C@_15HPFPGODN@?$AAl?$AAv@ 0000000140012ce0     libucrt:lcidtoname_downlevel.obj
 0002:00003ce8       ??_C@_15NFFGKGLG@?$AAl?$AAt@ 0000000140012ce8     libucrt:lcidtoname_downlevel.obj
 0002:00003cf0       ??_C@_15BDAKCCHN@?$AAf?$AAa@ 0000000140012cf0     libucrt:lcidtoname_downlevel.obj
 0002:00003cf8       ??_C@_15NFGIAIAJ@?$AAv?$AAi@ 0000000140012cf8     libucrt:lcidtoname_downlevel.obj
 0002:00003d00       ??_C@_15LMKNDMHN@?$AAh?$AAy@ 0000000140012d00     libucrt:lcidtoname_downlevel.obj
 0002:00003d08       ??_C@_15IJBHMCFL@?$AAa?$AAz@ 0000000140012d08     libucrt:lcidtoname_downlevel.obj
 0002:00003d10       ??_C@_15EKOFJABL@?$AAe?$AAu@ 0000000140012d10     libucrt:lcidtoname_downlevel.obj
 0002:00003d18       ??_C@_15BGHADCNK@?$AAm?$AAk@ 0000000140012d18     libucrt:lcidtoname_downlevel.obj
 0002:00003d20       ??_C@_15JDNICKHM@?$AAa?$AAf@ 0000000140012d20     libucrt:lcidtoname_downlevel.obj
 0002:00003d28       ??_C@_15KPJEDBKD@?$AAk?$AAa@ 0000000140012d28     libucrt:lcidtoname_downlevel.obj
 0002:00003d30       ??_C@_15PDNFFFEO@?$AAf?$AAo@ 0000000140012d30     libucrt:lcidtoname_downlevel.obj
 0002:00003d38       ??_C@_15OMLEGLOC@?$AAh?$AAi@ 0000000140012d38     libucrt:lcidtoname_downlevel.obj
 0002:00003d40       ??_C@_15IDNNENKK@?$AAm?$AAs@ 0000000140012d40     libucrt:lcidtoname_downlevel.obj
 0002:00003d48       ??_C@_15MACJNBMH@?$AAk?$AAk@ 0000000140012d48     libucrt:lcidtoname_downlevel.obj
 0002:00003d50       ??_C@_15DKDJEOND@?$AAk?$AAy@ 0000000140012d50     libucrt:lcidtoname_downlevel.obj
 0002:00003d58       ??_C@_15DFGDLJBG@?$AAs?$AAw@ 0000000140012d58     libucrt:lcidtoname_downlevel.obj
 0002:00003d60       ??_C@_15BBFAICNG@?$AAu?$AAz@ 0000000140012d60     libucrt:lcidtoname_downlevel.obj
 0002:00003d68       ??_C@_15DKNDCGEA@?$AAt?$AAt@ 0000000140012d68     libucrt:lcidtoname_downlevel.obj
 0002:00003d70       ??_C@_15MGIFMDPL@?$AAp?$AAa@ 0000000140012d70     libucrt:lcidtoname_downlevel.obj
 0002:00003d78       ??_C@_15HCNDBBA@?$AAg?$AAu@ 0000000140012d78     libucrt:lcidtoname_downlevel.obj
 0002:00003d80       ??_C@_15FNBEIBON@?$AAt?$AAa@ 0000000140012d80     libucrt:lcidtoname_downlevel.obj
 0002:00003d88       ??_C@_15NCHGBGLK@?$AAt?$AAe@ 0000000140012d88     libucrt:lcidtoname_downlevel.obj
 0002:00003d90       ??_C@_15PHPHCBPF@?$AAk?$AAn@ 0000000140012d90     libucrt:lcidtoname_downlevel.obj
 0002:00003d98       ??_C@_15DLGBCKMP@?$AAm?$AAr@ 0000000140012d98     libucrt:lcidtoname_downlevel.obj
 0002:00003da0       ??_C@_15EABBLBFF@?$AAs?$AAa@ 0000000140012da0     libucrt:lcidtoname_downlevel.obj
 0002:00003da8       ??_C@_15CBKOMCOI@?$AAm?$AAn@ 0000000140012da8     libucrt:lcidtoname_downlevel.obj
 0002:00003db0       ??_C@_15CKDMCJAF@?$AAg?$AAl@ 0000000140012db0     libucrt:lcidtoname_downlevel.obj
 0002:00003db8       ??_C@_17CNJFBPG@?$AAk?$AAo?$AAk@ 0000000140012db8     libucrt:lcidtoname_downlevel.obj
 0002:00003dc0       ??_C@_17FFBJICPL@?$AAs?$AAy?$AAr@ 0000000140012dc0     libucrt:lcidtoname_downlevel.obj
 0002:00003dc8       ??_C@_17KPNDCPAF@?$AAd?$AAi?$AAv@ 0000000140012dc8     libucrt:lcidtoname_downlevel.obj
 0002:00003dd0       ??_C@_11LOCGONAA@@         0000000140012dd0     libucrt:lcidtoname_downlevel.obj
 0002:00003dd8       ??_C@_1M@OKAHONE@?$AAa?$AAr?$AA?9?$AAS?$AAA@ 0000000140012dd8     libucrt:lcidtoname_downlevel.obj
 0002:00003de8       ??_C@_1M@FFFIGIGK@?$AAb?$AAg?$AA?9?$AAB?$AAG@ 0000000140012de8     libucrt:lcidtoname_downlevel.obj
 0002:00003df8       ??_C@_1M@BJNKEDC@?$AAc?$AAa?$AA?9?$AAE?$AAS@ 0000000140012df8     libucrt:lcidtoname_downlevel.obj
 0002:00003e08       ??_C@_1M@IJJHFJHA@?$AAc?$AAs?$AA?9?$AAC?$AAZ@ 0000000140012e08     libucrt:lcidtoname_downlevel.obj
 0002:00003e18       ??_C@_1M@CLPEOBGI@?$AAd?$AAa?$AA?9?$AAD?$AAK@ 0000000140012e18     libucrt:lcidtoname_downlevel.obj
 0002:00003e28       ??_C@_1M@MCMADGCB@?$AAd?$AAe?$AA?9?$AAD?$AAE@ 0000000140012e28     libucrt:lcidtoname_downlevel.obj
 0002:00003e38       ??_C@_1M@OOCKEMAM@?$AAe?$AAl?$AA?9?$AAG?$AAR@ 0000000140012e38     libucrt:lcidtoname_downlevel.obj
 0002:00003e48       ??_C@_1M@DDNJFGID@?$AAf?$AAi?$AA?9?$AAF?$AAI@ 0000000140012e48     libucrt:lcidtoname_downlevel.obj
 0002:00003e58       ??_C@_1M@GLIPPMAC@?$AAf?$AAr?$AA?9?$AAF?$AAR@ 0000000140012e58     libucrt:lcidtoname_downlevel.obj
 0002:00003e68       ??_C@_1M@GFMCHPE@?$AAh?$AAe?$AA?9?$AAI?$AAL@ 0000000140012e68     libucrt:lcidtoname_downlevel.obj
 0002:00003e78       ??_C@_1M@MHLPGNKM@?$AAh?$AAu?$AA?9?$AAH?$AAU@ 0000000140012e78     libucrt:lcidtoname_downlevel.obj
 0002:00003e88       ??_C@_1M@LPDDNNPN@?$AAi?$AAs?$AA?9?$AAI?$AAS@ 0000000140012e88     libucrt:lcidtoname_downlevel.obj
 0002:00003e98       ??_C@_1M@MADIPODN@?$AAi?$AAt?$AA?9?$AAI?$AAT@ 0000000140012e98     libucrt:lcidtoname_downlevel.obj
 0002:00003ea8       ??_C@_1M@IHBJJGG@?$AAn?$AAl?$AA?9?$AAN?$AAL@ 0000000140012ea8     libucrt:lcidtoname_downlevel.obj
 0002:00003eb8       ??_C@_1M@EANAGDL@?$AAn?$AAb?$AA?9?$AAN?$AAO@ 0000000140012eb8     libucrt:lcidtoname_downlevel.obj
 0002:00003ec8       ??_C@_1M@NEIEMEGP@?$AAp?$AAl?$AA?9?$AAP?$AAL@ 0000000140012ec8     libucrt:lcidtoname_downlevel.obj
 0002:00003ed8       ??_C@_1M@BOCFIGEP@?$AAp?$AAt?$AA?9?$AAB?$AAR@ 0000000140012ed8     libucrt:lcidtoname_downlevel.obj
 0002:00003ee8       ??_C@_1M@IMPFOPBG@?$AAr?$AAo?$AA?9?$AAR?$AAO@ 0000000140012ee8     libucrt:lcidtoname_downlevel.obj
 0002:00003ef8       ??_C@_1M@IDNNEJMM@?$AAr?$AAu?$AA?9?$AAR?$AAU@ 0000000140012ef8     libucrt:lcidtoname_downlevel.obj
 0002:00003f08       ??_C@_1M@LILEEOGM@?$AAh?$AAr?$AA?9?$AAH?$AAR@ 0000000140012f08     libucrt:lcidtoname_downlevel.obj
 0002:00003f18       ??_C@_1M@FKIFEHPB@?$AAs?$AAk?$AA?9?$AAS?$AAK@ 0000000140012f18     libucrt:lcidtoname_downlevel.obj
 0002:00003f28       ??_C@_1M@LJMAMNPJ@?$AAs?$AAq?$AA?9?$AAA?$AAL@ 0000000140012f28     libucrt:lcidtoname_downlevel.obj
 0002:00003f38       ??_C@_1M@GIAKDKJK@?$AAs?$AAv?$AA?9?$AAS?$AAE@ 0000000140012f38     libucrt:lcidtoname_downlevel.obj
 0002:00003f48       ??_C@_1M@MKJKIKCL@?$AAt?$AAh?$AA?9?$AAT?$AAH@ 0000000140012f48     libucrt:lcidtoname_downlevel.obj
 0002:00003f58       ??_C@_1M@MFLCCMPB@?$AAt?$AAr?$AA?9?$AAT?$AAR@ 0000000140012f58     libucrt:lcidtoname_downlevel.obj
 0002:00003f68       ??_C@_1M@OIJHDKJN@?$AAu?$AAr?$AA?9?$AAP?$AAK@ 0000000140012f68     libucrt:lcidtoname_downlevel.obj
 0002:00003f78       ??_C@_1M@LHIPCIEK@?$AAi?$AAd?$AA?9?$AAI?$AAD@ 0000000140012f78     libucrt:lcidtoname_downlevel.obj
 0002:00003f88       ??_C@_1M@MFMOBGI@?$AAu?$AAk?$AA?9?$AAU?$AAA@ 0000000140012f88     libucrt:lcidtoname_downlevel.obj
 0002:00003f98       ??_C@_1M@OBGLJIPL@?$AAb?$AAe?$AA?9?$AAB?$AAY@ 0000000140012f98     libucrt:lcidtoname_downlevel.obj
 0002:00003fa8       ??_C@_1M@BCFAJEAD@?$AAs?$AAl?$AA?9?$AAS?$AAI@ 0000000140012fa8     libucrt:lcidtoname_downlevel.obj
 0002:00003fb8       ??_C@_1M@FKFFEDDN@?$AAe?$AAt?$AA?9?$AAE?$AAE@ 0000000140012fb8     libucrt:lcidtoname_downlevel.obj
 0002:00003fc8       ??_C@_1M@KGKKAACI@?$AAl?$AAv?$AA?9?$AAL?$AAV@ 0000000140012fc8     libucrt:lcidtoname_downlevel.obj
 0002:00003fd8       ??_C@_1M@IFGBIJO@?$AAl?$AAt?$AA?9?$AAL?$AAT@ 0000000140012fd8     libucrt:lcidtoname_downlevel.obj
 0002:00003fe8       ??_C@_1M@FGEAHEDM@?$AAf?$AAa?$AA?9?$AAI?$AAR@ 0000000140012fe8     libucrt:lcidtoname_downlevel.obj
 0002:00003ff8       ??_C@_1M@KBMAIBFN@?$AAv?$AAi?$AA?9?$AAV?$AAN@ 0000000140012ff8     libucrt:lcidtoname_downlevel.obj
 0002:00004008       ??_C@_1M@GPCBKDJK@?$AAh?$AAy?$AA?9?$AAA?$AAM@ 0000000140013008     libucrt:lcidtoname_downlevel.obj
 0002:00004018       ??_C@_1BG@BECMDDJB@?$AAa?$AAz?$AA?9?$AAA?$AAZ?$AA?9?$AAL?$AAa?$AAt?$AAn@ 0000000140013018     libucrt:lcidtoname_downlevel.obj
 0002:00004030       ??_C@_1M@MAOFCAEA@?$AAe?$AAu?$AA?9?$AAE?$AAS@ 0000000140013030     libucrt:lcidtoname_downlevel.obj
 0002:00004040       ??_C@_1M@IGHABKPI@?$AAm?$AAk?$AA?9?$AAM?$AAK@ 0000000140013040     libucrt:lcidtoname_downlevel.obj
 0002:00004050       ??_C@_1M@IAIGNEJG@?$AAt?$AAn?$AA?9?$AAZ?$AAA@ 0000000140013050     libucrt:lcidtoname_downlevel.obj
 0002:00004060       ??_C@_1M@IIJCOJFA@?$AAx?$AAh?$AA?9?$AAZ?$AAA@ 0000000140013060     libucrt:lcidtoname_downlevel.obj
 0002:00004070       ??_C@_1M@LGPJHNJH@?$AAz?$AAu?$AA?9?$AAZ?$AAA@ 0000000140013070     libucrt:lcidtoname_downlevel.obj
[...]
 0002:0000843c       $unwind$??$?RV<lambda_7777bce6b2f8c936911f934f8298dc43>@@AEAV<lambda_f03950bc5685219e0bcd2087efbe011e>@@V<lambda_3883c3dff614d5e0c5f61bb1ac94921c>@@@?$__crt_seh_guarded_call@H@@QEAAH$$QEAV<lambda_7777bce6b2f8c936911f934f8298dc43>@@AEAV<lambda_f03950bc5685219e0bcd2087efbe011e>@@$$QEAV<lambda_3883c3dff614d5e0c5f61bb1ac94921c>@@@Z 000000014001743c     libucrt:onexit.obj
 0002:00008460       $unwind$terminate          0000000140017460     libucrt:terminate.obj
 0002:00008480       $xdatasym                  0000000140017480     libucrt:strncmp.obj
 0002:00008484       $unwind$__acrt_initialize_fma3 0000000140017484     libucrt:fma3_available.obj
 0002:00008490       $xdatasym                  0000000140017490     libucrt:remainder_piby2f_forc.obj
 0002:000084a0       $unwind$_sincosf_special   00000001400174a0     libucrt:sincos_special.obj
 0002:000084a8       $unwind$_free_base         00000001400174a8     libucrt:free_base.obj
 0002:000084a8       $unwind$?destroy_fls@@YAXPEAX@Z 00000001400174a8     libucrt:per_thread_data.obj
 0002:000084a8       $unwind$__acrt_locale_free_numeric 00000001400174a8     libucrt:initnum.obj
 0002:000084a8       $unwind$__acrt_locale_free_lc_time_if_unreferenced 00000001400174a8     libucrt:locale_refcounting.obj
 0002:000084b0       $unwind$?construct_ptd_array@@YAXQEAU__acrt_ptd@@@Z 00000001400174b0     libucrt:per_thread_data.obj
 0002:000084b8       $unwind$?destroy_ptd_array@@YAXQEAU__acrt_ptd@@@Z 00000001400174b8     libucrt:per_thread_data.obj
 0002:000084c0       $unwind$??$?RV<lambda_0ae27a3a962d80f24befdcbee591983d>@@AEAV<lambda_8d0ee55de4b1038c4002e0adecdf1839>@@V<lambda_dc504788e8f1664fe9b84e20bfb512f2>@@@?$__crt_seh_guarded_call@X@@QEAAX$$QEAV<lambda_0ae27a3a962d80f24befdcbee591983d>@@AEAV<lambda_8d0ee55de4b1038c4002e0adecdf1839>@@$$QEAV<lambda_dc504788e8f1664fe9b84e20bfb512f2>@@@Z 00000001400174c0     libucrt:per_thread_data.obj
 0002:000084e4       $unwind$??$?RV<lambda_aa87e3671a710a21b5dc78c0bdf72e11>@@AEAV<lambda_92619d2358a28f41a33ba319515a20b9>@@V<lambda_6992ecaafeb10aed2b74cb1fae11a551>@@@?$__crt_seh_guarded_call@X@@QEAAX$$QEAV<lambda_aa87e3671a710a21b5dc78c0bdf72e11>@@AEAV<lambda_92619d2358a28f41a33ba319515a20b9>@@$$QEAV<lambda_6992ecaafeb10aed2b74cb1fae11a551>@@@Z 00000001400174e4     libucrt:per_thread_data.obj
 0002:00008508       $unwind$??$?RV<lambda_f2e299630e499de9f9a165e60fcd3db5>@@AEAV<lambda_2ae9d31cdba2644fcbeaf08da7c24588>@@V<lambda_40d01ff24d0e7b3814fdbdcee8eab3c7>@@@?$__crt_seh_guarded_call@X@@QEAAX$$QEAV<lambda_f2e299630e499de9f9a165e60fcd3db5>@@AEAV<lambda_2ae9d31cdba2644fcbeaf08da7c24588>@@$$QEAV<lambda_40d01ff24d0e7b3814fdbdcee8eab3c7>@@@Z 0000000140017508     libucrt:per_thread_data.obj
 0002:0000852c       $unwind$??$?RV<lambda_2d41944a1d46af3157314b8a01080d33>@@AEAV<lambda_8f455de75cd7d7f24b4096f044d8b9e6>@@V<lambda_aa500f224e6afead328df44964fe2772>@@@?$__crt_seh_guarded_call@X@@QEAAX$$QEAV<lambda_2d41944a1d46af3157314b8a01080d33>@@AEAV<lambda_8f455de75cd7d7f24b4096f044d8b9e6>@@$$QEAV<lambda_aa500f224e6afead328df44964fe2772>@@@Z 000000014001752c     libucrt:per_thread_data.obj
 0002:00008550       $unwind$_invalid_parameter_noinfo 0000000140017550     libucrt:invalid_parameter.obj
 0002:00008550       $unwind$_log10_special     0000000140017550     libucrt:log_special.obj
 0002:00008558       $unwind$__acrt_call_reportfault 0000000140017558     libucrt:invalid_parameter.obj
 0002:00008578       $unwind$_invalid_parameter 0000000140017578     libucrt:invalid_parameter.obj
 0002:0000858c       $unwind$??$__acrt_mbs_to_wcs_cp@U__crt_win32_buffer_internal_dynamic_resizing@@@@YAHQEBDAEAV?$__crt_win32_buffer@_WU__crt_win32_buffer_internal_dynamic_resizing@@@@I@Z 000000014001758c     libucrt:argv_wildcards.obj
 0002:000085a4       $unwind$__dcrt_get_narrow_environment_from_os 00000001400175a4     libucrt:get_environment_from_os.obj
 0002:000085a4       $unwind$??$__acrt_wcs_to_mbs_cp@U__crt_win32_buffer_internal_dynamic_resizing@@@@YAHQEB_WAEAV?$__crt_win32_buffer@DU__crt_win32_buffer_internal_dynamic_resizing@@@@I@Z 00000001400175a4     libucrt:argv_wildcards.obj
 0002:000085bc       $unwind$??$common_expand_argv_wildcards@D@@YAHQEAPEADQEAPEAPEAD@Z 00000001400175bc     libucrt:argv_wildcards.obj
 0002:000085d4       $unwind$??$copy_and_add_argument_to_buffer@D@@YAHQEBD0_KAEAV?$argument_list@D@?A0x5f5c8891@@@Z 00000001400175d4     libucrt:argv_wildcards.obj
 0002:000085f0       $unwind$??$expand_argument_wildcards@D@@YAHQEAD0AEAV?$argument_list@D@?A0x5f5c8891@@@Z 00000001400175f0     libucrt:argv_wildcards.obj
 0002:00008614       $unwind$__acrt_GetModuleFileNameA 0000000140017614     libucrt:getmodulefilenamea.obj
 0002:00008630       $unwind$__dcrt_write_console 0000000140017630     libucrt:initcon.obj
 0002:00008630       $unwind$??$__acrt_wcs_to_mbs_cp@U__crt_win32_buffer_no_resizing@@@@YAHQEB_WAEAV?$__crt_win32_buffer@DU__crt_win32_buffer_no_resizing@@@@I@Z 0000000140017630     libucrt:getmodulefilenamea.obj
 0002:00008644       $unwind$_setmbcp_nolock    0000000140017644     libucrt:mbctype.obj
 0002:00008664       $unwind$__dcrt_lowio_ensure_console_output_initialized 0000000140017664     libucrt:initcon.obj
 0002:00008664       $unwind$_isleadbyte_l      0000000140017664     libucrt:_wctype.obj
 0002:00008664       $unwind$?getSystemCP@@YAHH@Z 0000000140017664     libucrt:mbctype.obj
 0002:0000866c       $unwind$?update_thread_multibyte_data_internal@@YAPEAU__crt_multibyte_data@@QEAU__acrt_ptd@@QEAPEAU1@@Z 000000014001766c     libucrt:mbctype.obj
 0002:00008694       $unwind$?setmbcp_internal@@YAHH_NQEAU__acrt_ptd@@QEAPEAU__crt_multibyte_data@@@Z 0000000140017694     libucrt:mbctype.obj
 0002:000086a4       $unwind$?setSBUpLow@@YAXPEAU__crt_multibyte_data@@@Z 00000001400176a4     libucrt:mbctype.obj
 0002:000086c0       $unwind$??$?RV<lambda_efdfa57d1f175319df784efa44bb7b81>@@AEAV<lambda_5f0a4c1567f8adc6734073e5d1e1b35c>@@V<lambda_2e8a7d3640ea6ccb4c2413664c2db6fd>@@@?$__crt_seh_guarded_call@X@@QEAAX$$QEAV<lambda_efdfa57d1f175319df784efa44bb7b81>@@AEAV<lambda_5f0a4c1567f8adc6734073e5d1e1b35c>@@$$QEAV<lambda_2e8a7d3640ea6ccb4c2413664c2db6fd>@@@Z 00000001400176c0     libucrt:mbctype.obj
 0002:000086e4       $unwind$?x_ismbbtype_l@@YAHPEAU__crt_locale_pointers@@IHH@Z 00000001400176e4     libucrt:ismbbyte.obj
 0002:000086f4       $unwind$__acrt_WideCharToMultiByte 00000001400176f4     libucrt:widechartomultibyte.obj
 0002:00008700       $unwind$_free_osfhnd       0000000140017700     libucrt:osfinfo.obj
 0002:00008714       $unwind$__acrt_lowio_destroy_handle_array 0000000140017714     libucrt:osfinfo.obj
 0002:00008724       $unwind$__acrt_lowio_ensure_fh_exists 0000000140017724     libucrt:osfinfo.obj
 0002:00008750       $unwind$__acrt_initialize_lowio 0000000140017750     libucrt:ioinit.obj
 0002:00008770       $unwind$?initialize_inherited_file_handles_nolock@@YAXXZ 0000000140017770     libucrt:ioinit.obj
 0002:0000878c       $unwind$?initialize_stdio_handles_nolock@@YAXXZ 000000014001778c     libucrt:ioinit.obj
 0002:0000878c       $unwind$__acrt_initialize_stdio 000000014001778c     libucrt:_file.obj
 0002:000087a4       $unwind$__acrt_locale_free_monetary 00000001400177a4     libucrt:initmon.obj
 0002:000087ac       $unwind$__acrt_locale_free_time 00000001400177ac     libucrt:inittime.obj
 0002:000087bc       $unwind$__acrt_GetStringTypeA 00000001400177bc     libucrt:getstringtypea.obj
 0002:000087e4       $unwind$__acrt_update_thread_locale_data 00000001400177e4     libucrt:locale_refcounting.obj
 0002:00008808       $unwind$__acrt_initialize_winapi_thunks 0000000140017808     libucrt:winapi_thunks.obj
 0002:00008810       $unwind$_mbtowc_l          0000000140017810     libucrt:mbtowc.obj
 0002:00008810       $unwind$__acrt_LCMapStringEx 0000000140017810     libucrt:winapi_thunks.obj
 0002:00008824       $unwind$_query_new_handler 0000000140017824     libucrt:new_handler.obj
 0002:00008844       $unwind$raise              0000000140017844     libucrt:signal.obj
 0002:00008880       $unwind$??$?RV<lambda_450d765d439847d4c735a33c368b5fc0>@@AEAV<lambda_44731a7d0e6d81c3e6aa82d741081786>@@V<lambda_601a2a7da3b7a96e9554ac7215c4b07c>@@@?$__crt_seh_guarded_call@P6AXH@Z@@QEAAP6AXH@Z$$QEAV<lambda_450d765d439847d4c735a33c368b5fc0>@@AEAV<lambda_44731a7d0e6d81c3e6aa82d741081786>@@$$QEAV<lambda_601a2a7da3b7a96e9554ac7215c4b07c>@@@Z 0000000140017880     libucrt:signal.obj
 0002:000088a4       $unwind$?common_flush_all@@YAH_N@Z 00000001400178a4     libucrt:fflush.obj
 0002:000088ac       $unwind$??$?RV<lambda_842d9ff0dc9ef11c61343bbaebe7f885>@@AEAV<lambda_c5860995281e5c4ce005b3de8f5874ee>@@V<lambda_d90129c13df834fdcbf8d2b88dafcf2d>@@@?$__crt_seh_guarded_call@X@@QEAAX$$QEAV<lambda_842d9ff0dc9ef11c61343bbaebe7f885>@@AEAV<lambda_c5860995281e5c4ce005b3de8f5874ee>@@$$QEAV<lambda_d90129c13df834fdcbf8d2b88dafcf2d>@@@Z 00000001400178ac     libucrt:fflush.obj
 0002:000088d0       $unwind$??$?RV<lambda_886d6c58226a84441f68b9f2b8217b83>@@AEAV<lambda_ab61a845afdef5b7c387490eaf3616ee>@@V<lambda_f7f22ab5edc0698d5f6905b0d3f44752>@@@?$__crt_seh_guarded_call@X@@QEAAX$$QEAV<lambda_886d6c58226a84441f68b9f2b8217b83>@@AEAV<lambda_ab61a845afdef5b7c387490eaf3616ee>@@$$QEAV<lambda_f7f22ab5edc0698d5f6905b0d3f44752>@@@Z 00000001400178d0     libucrt:fflush.obj
 0002:000088f8       $unwind$_call_matherr      00000001400178f8     libucrt:libm_error.obj
 0002:00008900       $unwind$_handle_error      0000000140017900     libucrt:libm_error.obj
 0002:00008900       $unwind$_handle_errorf     0000000140017900     libucrt:libm_error.obj
 0002:00008920       $unwind$qsort              0000000140017920     libucrt:qsort.obj
 0002:00008938       $chain$4$qsort             0000000140017938     libucrt:qsort.obj
 0002:0000895c       $chain$5$qsort             000000014001795c     libucrt:qsort.obj
 0002:0000896c       $unwind$strpbrk            000000014001796c     libucrt:strpbrk.obj
 0002:0000897c       $unwind$fallbackMethod     000000014001797c     libucrt:strpbrk.obj
 0002:0000898c       $unwind$_mbsdec_l          000000014001798c     libucrt:mbsdec.obj
 0002:00008998       $unwind$__acrt_LCMapStringA 0000000140017998     libucrt:lcmapstringa.obj
 0002:000089a8       $unwind$?__acrt_LCMapStringA_stat@@YAHPEAU__crt_locale_pointers@@PEB_WKPEBDHPEADHHH@Z 00000001400179a8     libucrt:lcmapstringa.obj
 0002:000089d0       $unwind$_close             00000001400179d0     libucrt:close.obj
 0002:000089d0       $unwind$_commit            00000001400179d0     libucrt:commit.obj
 0002:000089d8       $unwind$??$?RV<lambda_a37b2b86f63e897a80ea819b0eb08c01>@@AEAV<lambda_38ce7e780aa69e748d6df282ebc68efe>@@V<lambda_99fb1378e971ab6e7edea83e3a7a83a2>@@@?$__crt_seh_guarded_call@H@@QEAAH$$QEAV<lambda_a37b2b86f63e897a80ea819b0eb08c01>@@AEAV<lambda_38ce7e780aa69e748d6df282ebc68efe>@@$$QEAV<lambda_99fb1378e971ab6e7edea83e3a7a83a2>@@@Z 00000001400179d8     libucrt:commit.obj
 0002:000089fc       $unwind$_write             00000001400179fc     libucrt:write.obj
 0002:00008a2c       $unwind$_write_nolock      0000000140017a2c     libucrt:write.obj
 0002:00008a44       $unwind$?write_double_translated_ansi_nolock@@YA?AUwrite_result@?A0x17268360@@HQEBDI@Z 0000000140017a44     libucrt:write.obj
 0002:00008a68       $unwind$?write_text_ansi_nolock@@YA?AUwrite_result@?A0x17268360@@HQEBDI@Z 0000000140017a68     libucrt:write.obj
 0002:00008a68       $unwind$?write_text_utf16le_nolock@@YA?AUwrite_result@?A0x17268360@@HQEBDI@Z 0000000140017a68     libucrt:write.obj
 0002:00008a88       $unwind$?write_text_utf8_nolock@@YA?AUwrite_result@?A0x17268360@@HQEBDI@Z 0000000140017a88     libucrt:write.obj
 0002:00008aac       $unwind$_fcloseall         0000000140017aac     libucrt:closeall.obj
 0002:00008ad0       $unwind$?__mbrtowc_utf8@__crt_mbstring@@YA_KPEA_WPEBD_KPEAU_Mbstatet@@@Z 0000000140017ad0     libucrt:mbrtowc.obj
 0002:00008ad8       $unwind$?__mbsrtowcs_utf8@__crt_mbstring@@YA_KPEA_WPEAPEBD_KPEAU_Mbstatet@@@Z 0000000140017ad8     libucrt:mbrtowc.obj
 0002:00008af0       $unwind$_raise_exc         0000000140017af0     libucrt:fpexcept.obj
 0002:00008af0       $unwind$_raise_excf        0000000140017af0     libucrt:fpexcept.obj
 0002:00008af8       $unwind$_raise_exc_ex      0000000140017af8     libucrt:fpexcept.obj
 0002:00008b0c       $unwind$_ctrlfp            0000000140017b0c     libucrt:fpctrl.obj
 0002:00008b34       $unwind$_putwch_nolock     0000000140017b34     libucrt:putwch.obj
 0002:00008b3c       $unwind$fclose             0000000140017b3c     libucrt:fclose.obj
 0002:00008b60       $unwind$?__mbrtoc32_utf8@__crt_mbstring@@YA_KPEA_UPEBD_KPEAU_Mbstatet@@@Z 0000000140017b60     libucrt:mbrtoc32.obj
 0002:00008b80       $xdatasym                  0000000140017b80     libucrt:log10.obj
 0002:00008b90       $xdatasym                  0000000140017b90     libucrt:fpsr.obj
 0002:00008b98       $unwind$??$?RV<lambda_751a882b2c74d4b022dec766aa51a29a>@@AEAV<lambda_628dfdc04ba53c8bfc02c9951375f3f5>@@V<lambda_f6c7be5f7998530c34de24c7437d6b54>@@@?$__crt_seh_guarded_call@H@@QEAAH$$QEAV<lambda_751a882b2c74d4b022dec766aa51a29a>@@AEAV<lambda_628dfdc04ba53c8bfc02c9951375f3f5>@@$$QEAV<lambda_f6c7be5f7998530c34de24c7437d6b54>@@@Z 0000000140017b98     libucrt:close.obj
 0002:00008bbc       $unwind$_log_special_common 0000000140017bbc     libucrt:log_special.obj
 0002:00008bc8       $unwind$_IsNonwritableInCurrentImage 0000000140017bc8     LIBCMT:pesect.obj
 0002:00008bf0       $xdatasym                  0000000140017bf0     LIBCMT:chkstk.obj
 0002:00008bf8       $xdatasym                  0000000140017bf8     libvcruntime:memcmp.obj
 0002:00008fa8       .idata$6                   0000000140017fa8     user32:USER32.dll
 0002:00008fc4       .idata$6                   0000000140017fc4     gdi32:GDI32.dll
 0002:000091f4       .idata$6                   00000001400181f4     kernel32:KERNEL32.dll
 0003:00000000       ?XInputGetState_@@3P6AKKPEAU_XINPUT_STATE@@@ZEA 0000000140019000     win32_handmade.obj
 0003:00000008       ?XInputSetState_@@3P6AKKPEAU_XINPUT_VIBRATION@@@ZEA 0000000140019008     win32_handmade.obj
 0003:00000050       ?__vcrt_flsindex@@3KA      0000000140019050     libvcruntime:per_thread_data.obj
 0003:00000070       ?__acrt_flsindex@@3KA      0000000140019070     libucrt:per_thread_data.obj
 0003:00000074       ?errno_no_memory@@3HA      0000000140019074     libucrt:errno.obj
 0003:00000078       ?doserrno_no_memory@@3KA   0000000140019078     libucrt:errno.obj
 0003:000002b0       _mbctypes                  00000001400192b0     libucrt:mbctype.obj
 0003:000003c0       _mbcasemaps                00000001400193c0     libucrt:mbctype.obj
 0003:000004c0       ?__rgctypeflag@@3PADA      00000001400194c0     libucrt:mbctype.obj
 0003:000004d0       ?__rgcode_page_info@@3PAUcode_page_info@@A 00000001400194d0     libucrt:mbctype.obj
 0003:000008e8       ?dazSupported@?1??_ctrlfp@@9@9 00000001400198e8     libucrt:fpctrl.obj
 0003:000009f0       ?__dcrt_lowio_console_output_handle@@3PEAXEA 00000001400199f0     libucrt:initcon.obj
 0003:00000a00       ?tSine@?1??GameOutputSound@@YAXPEAUgame_sound_output_buffer@@H@Z@4MA 0000000140019a00     win32_handmade.obj
 0003:00000a10       ?GlobalRunning@@3HA        0000000140019a10     win32_handmade.obj
 0003:00000a20       ?GlobalBackBuffer@@3Uwin32_offscreen_buffer@@A 0000000140019a20     win32_handmade.obj
 0003:00000a68       ?GlobalSecondaryBuffer@@3PEAUIDirectSoundBuffer@@EA 0000000140019a68     win32_handmade.obj
 0003:00000a70       GS_ExceptionRecord         0000000140019a70     LIBCMT:gs_report.obj
 0003:00000b10       GS_ContextRecord           0000000140019b10     LIBCMT:gs_report.obj
 0003:00000ff0       ?is_initialized_as_dll@@3_NA 0000000140019ff0     LIBCMT:utility.obj
 0003:00000ff1       ?module_local_atexit_table_initialized@@3_NA 0000000140019ff1     LIBCMT:utility.obj
 0003:00000ff8       ?module_local_atexit_table@@3U_onexit_table_t@@A 0000000140019ff8     LIBCMT:utility.obj
 0003:00001010       ?module_local_at_quick_exit_table@@3U_onexit_table_t@@A 000000014001a010     LIBCMT:utility.obj
 0003:00001060       ?__vcrt_startup_thread_ptd@@3U__vcrt_ptd@@A 000000014001a060     libvcruntime:per_thread_data.obj
 0003:000010e0       __vcrt_lock_table          000000014001a0e0     libvcruntime:locks.obj
 0003:00001108       __vcrt_locks_initialized   000000014001a108     libvcruntime:locks.obj
 0003:00001150       ?heap@@3V_HeapManager@@A   000000014001a150     libvcruntime:undname.obj
 0003:00001178       ?module_handles@@3PAPEAUHINSTANCE__@@A 000000014001a178     libvcruntime:winapi_downlevel.obj
 0003:00001190       ?function_pointers@@3PAPEAXA 000000014001a190     libvcruntime:winapi_downlevel.obj
 0003:000011c0       ?__acrt_app_type@@3W4_crt_app_type@@A 000000014001a1c0     libucrt:report_runtime_error.obj
 0003:000011c8       ?user_matherr@@3V?$dual_state_global@P6AHPEAU_exception@@@Z@__crt_state_management@@A 000000014001a1c8     libucrt:matherr.obj
 0003:000011d0       ?program_name@?1???$common_configure_argv@D@@YAHW4_crt_argv_mode@@@Z@4PADA 000000014001a1d0     libucrt:argv_parsing.obj
 0003:000012f8       ?empty_string@?1???$common_wincmdln@E@@YAPEAEXZ@4PAEA 000000014001a2f8     libucrt:argv_winmain.obj
 0003:000012fc       ?c_termination_complete@@3JA 000000014001a2fc     libucrt:exit.obj
 0003:00001300       ?thread_local_exit_callback_func@@3P6AXPEAXK0@ZEA 000000014001a300     libucrt:exit.obj
 0003:00001310       ?__acrt_global_new_mode@@3V?$dual_state_global@J@__crt_state_management@@A 000000014001a310     libucrt:new_mode.obj
 0003:00001350       ?__acrt_invalid_parameter_handler@@3V?$dual_state_global@P6AXPEB_W00I_K@Z@__crt_state_management@@A 000000014001a350     libucrt:invalid_parameter.obj
 0003:00001370       ?fSystemSet@@3HA           000000014001a370     libucrt:mbctype.obj
 0003:00001374       ?initialized@?1??__acrt_initialize_multibyte@@9@4_NA 000000014001a374     libucrt:mbctype.obj
 0003:000013b0       ?__acrt_lock_table@@3PAU_RTL_CRITICAL_SECTION@@A 000000014001a3b0     libucrt:locks.obj
 0003:000015e0       ?__acrt_locks_initialized@@3IA 000000014001a5e0     libucrt:locks.obj
 0003:00001a00       ?module_handles@@3PAPEAUHINSTANCE__@@A 000000014001aa00     libucrt:winapi_thunks.obj
 0003:00001aa0       ?encoded_function_pointers@@3PAPEAXA 000000014001aaa0     libucrt:winapi_thunks.obj
 0003:00001bc0       ?__acrt_new_handler@@3V?$dual_state_global@P6AH_K@Z@__crt_state_management@@A 000000014001abc0     libucrt:new_handler.obj
 0003:00001bc8       ?ctrlc_action@@3V?$dual_state_global@P6AXH@Z@__crt_state_management@@A 000000014001abc8     libucrt:signal.obj
 0003:00001bd0       ?ctrlbreak_action@@3V?$dual_state_global@P6AXH@Z@__crt_state_management@@A 000000014001abd0     libucrt:signal.obj
 0003:00001bd8       ?abort_action@@3V?$dual_state_global@P6AXH@Z@__crt_state_management@@A 000000014001abd8     libucrt:signal.obj
 0003:00001be0       ?term_action@@3V?$dual_state_global@P6AXH@Z@__crt_state_management@@A 000000014001abe0     libucrt:signal.obj
 0003:00001c08       ?internal_state@?1??_mbtowc_l@@9@4U_Mbstatet@@A 000000014001ac08     libucrt:mbtowc.obj
 0003:00001c10       ?internal_pst@?1??__mbrtoc32_utf8@__crt_mbstring@@YA_KPEA_UPEBD_KPEAU_Mbstatet@@@Z@4U3@A 000000014001ac10     libucrt:mbrtoc32.obj
 0005:00000000       MsetTab                    000000014001c000     libvcruntime:memset.obj
 0005:00000050       MoveSmall                  000000014001c050     libvcruntime:memcpy.obj
 0005:00000090       MoveSmallYmm               000000014001c090     libvcruntime:memcpy.obj
 0005:000000b4       MoveSmallYmmNT             000000014001c0b4     libvcruntime:memcpy.obj
 0005:000000d8       MoveSmallXmm               000000014001c0d8     libvcruntime:memcpy.obj
